Archive member included to satisfy reference by file (symbol)

c:/program files (x86)/atmel/studio/7.0/toolchain/arm/arm-gnu-toolchain/bin/../lib/gcc/arm-none-eabi/6.3.1/thumb/v6-m\libgcc.a(_udivsi3.o)
                              hpl/core/hpl_core_m0plus_base.o (__aeabi_uidiv)
c:/program files (x86)/atmel/studio/7.0/toolchain/arm/arm-gnu-toolchain/bin/../lib/gcc/arm-none-eabi/6.3.1/thumb/v6-m\libgcc.a(_divsi3.o)
                              main.o (__aeabi_idiv)
c:/program files (x86)/atmel/studio/7.0/toolchain/arm/arm-gnu-toolchain/bin/../lib/gcc/arm-none-eabi/6.3.1/thumb/v6-m\libgcc.a(_dvmd_tls.o)
                              c:/program files (x86)/atmel/studio/7.0/toolchain/arm/arm-gnu-toolchain/bin/../lib/gcc/arm-none-eabi/6.3.1/thumb/v6-m\libgcc.a(_udivsi3.o) (__aeabi_idiv0)
c:/program files (x86)/atmel/studio/7.0/toolchain/arm/arm-gnu-toolchain/bin/../lib/gcc/arm-none-eabi/6.3.1/thumb/v6-m\libgcc.a(_aeabi_uldivmod.o)
                              hpl/sercom/hpl_sercom.o (__aeabi_uldivmod)
c:/program files (x86)/atmel/studio/7.0/toolchain/arm/arm-gnu-toolchain/bin/../lib/gcc/arm-none-eabi/6.3.1/thumb/v6-m\libgcc.a(_muldi3.o)
                              hpl/sercom/hpl_sercom.o (__aeabi_lmul)
c:/program files (x86)/atmel/studio/7.0/toolchain/arm/arm-gnu-toolchain/bin/../lib/gcc/arm-none-eabi/6.3.1/thumb/v6-m\libgcc.a(_ffssi2.o)
                              hpl/eic/hpl_eic.o (__ffssi2)
c:/program files (x86)/atmel/studio/7.0/toolchain/arm/arm-gnu-toolchain/bin/../lib/gcc/arm-none-eabi/6.3.1/thumb/v6-m\libgcc.a(_fixunsdfsi.o)
                              hpl/sercom/hpl_sercom.o (__aeabi_d2uiz)
c:/program files (x86)/atmel/studio/7.0/toolchain/arm/arm-gnu-toolchain/bin/../lib/gcc/arm-none-eabi/6.3.1/thumb/v6-m\libgcc.a(_udivmoddi4.o)
                              c:/program files (x86)/atmel/studio/7.0/toolchain/arm/arm-gnu-toolchain/bin/../lib/gcc/arm-none-eabi/6.3.1/thumb/v6-m\libgcc.a(_aeabi_uldivmod.o) (__udivmoddi4)
c:/program files (x86)/atmel/studio/7.0/toolchain/arm/arm-gnu-toolchain/bin/../lib/gcc/arm-none-eabi/6.3.1/thumb/v6-m\libgcc.a(divdf3.o)
                              hpl/sercom/hpl_sercom.o (__aeabi_ddiv)
c:/program files (x86)/atmel/studio/7.0/toolchain/arm/arm-gnu-toolchain/bin/../lib/gcc/arm-none-eabi/6.3.1/thumb/v6-m\libgcc.a(muldf3.o)
                              hpl/sercom/hpl_sercom.o (__aeabi_dmul)
c:/program files (x86)/atmel/studio/7.0/toolchain/arm/arm-gnu-toolchain/bin/../lib/gcc/arm-none-eabi/6.3.1/thumb/v6-m\libgcc.a(subdf3.o)
                              hpl/sercom/hpl_sercom.o (__aeabi_dsub)
c:/program files (x86)/atmel/studio/7.0/toolchain/arm/arm-gnu-toolchain/bin/../lib/gcc/arm-none-eabi/6.3.1/thumb/v6-m\libgcc.a(fixdfsi.o)
                              lib/sonner.o (__aeabi_d2iz)
c:/program files (x86)/atmel/studio/7.0/toolchain/arm/arm-gnu-toolchain/bin/../lib/gcc/arm-none-eabi/6.3.1/thumb/v6-m\libgcc.a(floatsidf.o)
                              hpl/sercom/hpl_sercom.o (__aeabi_i2d)
c:/program files (x86)/atmel/studio/7.0/toolchain/arm/arm-gnu-toolchain/bin/../lib/gcc/arm-none-eabi/6.3.1/thumb/v6-m\libgcc.a(floatunsidf.o)
                              hpl/sercom/hpl_sercom.o (__aeabi_ui2d)
c:/program files (x86)/atmel/studio/7.0/toolchain/arm/arm-gnu-toolchain/bin/../lib/gcc/arm-none-eabi/6.3.1/thumb/v6-m\libgcc.a(_arm_cmpdf2.o)
                              c:/program files (x86)/atmel/studio/7.0/toolchain/arm/arm-gnu-toolchain/bin/../lib/gcc/arm-none-eabi/6.3.1/thumb/v6-m\libgcc.a(_fixunsdfsi.o) (__aeabi_dcmpge)
c:/program files (x86)/atmel/studio/7.0/toolchain/arm/arm-gnu-toolchain/bin/../lib/gcc/arm-none-eabi/6.3.1/thumb/v6-m\libgcc.a(_clzsi2.o)
                              c:/program files (x86)/atmel/studio/7.0/toolchain/arm/arm-gnu-toolchain/bin/../lib/gcc/arm-none-eabi/6.3.1/thumb/v6-m\libgcc.a(divdf3.o) (__clzsi2)
c:/program files (x86)/atmel/studio/7.0/toolchain/arm/arm-gnu-toolchain/bin/../lib/gcc/arm-none-eabi/6.3.1/thumb/v6-m\libgcc.a(_clzdi2.o)
                              c:/program files (x86)/atmel/studio/7.0/toolchain/arm/arm-gnu-toolchain/bin/../lib/gcc/arm-none-eabi/6.3.1/thumb/v6-m\libgcc.a(_udivmoddi4.o) (__clzdi2)
c:/program files (x86)/atmel/studio/7.0/toolchain/arm/arm-gnu-toolchain/bin/../lib/gcc/arm-none-eabi/6.3.1/thumb/v6-m\libgcc.a(_ctzsi2.o)
                              c:/program files (x86)/atmel/studio/7.0/toolchain/arm/arm-gnu-toolchain/bin/../lib/gcc/arm-none-eabi/6.3.1/thumb/v6-m\libgcc.a(_ffssi2.o) (__ctzsi2)
c:/program files (x86)/atmel/studio/7.0/toolchain/arm/arm-gnu-toolchain/bin/../lib/gcc/arm-none-eabi/6.3.1/thumb/v6-m\libgcc.a(eqdf2.o)
                              c:/program files (x86)/atmel/studio/7.0/toolchain/arm/arm-gnu-toolchain/bin/../lib/gcc/arm-none-eabi/6.3.1/thumb/v6-m\libgcc.a(_arm_cmpdf2.o) (__eqdf2)
c:/program files (x86)/atmel/studio/7.0/toolchain/arm/arm-gnu-toolchain/bin/../lib/gcc/arm-none-eabi/6.3.1/thumb/v6-m\libgcc.a(gedf2.o)
[...]
Memory Configuration

Name             Origin             Length             Attributes
rom              0x00000000         0x00040000         xr
ram              0x20000000         0x00008000         xrw
*default*        0x00000000         0xffffffff

Linker script and memory map

LOAD c:/program files (x86)/atmel/studio/7.0/toolchain/arm/arm-gnu-toolchain/bin/../lib/gcc/arm-none-eabi/6.3.1/thumb/v6-m/crti.o
LOAD c:/program files (x86)/atmel/studio/7.0/toolchain/arm/arm-gnu-toolchain/bin/../lib/gcc/arm-none-eabi/6.3.1/thumb/v6-m/crtbegin.o
LOAD c:/program files (x86)/atmel/studio/7.0/toolchain/arm/arm-gnu-toolchain/bin/../lib/gcc/arm-none-eabi/6.3.1/../../../../arm-none-eabi/lib/thumb/v6-m/crt0.o
LOAD atmel_start.o
LOAD Device_Startup/startup_samd21.o
LOAD Device_Startup/system_samd21.o
LOAD driver_init.o
LOAD examples/driver_examples.o
LOAD hal/src/hal_atomic.o
LOAD hal/src/hal_delay.o
LOAD hal/src/hal_ext_irq.o
LOAD hal/src/hal_gpio.o
LOAD hal/src/hal_i2c_m_sync.o
LOAD hal/src/hal_init.o
LOAD hal/src/hal_io.o
LOAD hal/src/hal_pwm.o
LOAD hal/src/hal_sleep.o
LOAD hal/src/hal_timer.o
LOAD hal/src/hal_usart_sync.o
LOAD hal/utils/src/utils_assert.o
LOAD hal/utils/src/utils_event.o
LOAD hal/utils/src/utils_list.o
LOAD hal/utils/src/utils_syscalls.o
LOAD hpl/core/hpl_core_m0plus_base.o
LOAD hpl/core/hpl_init.o
LOAD hpl/dmac/hpl_dmac.o
LOAD hpl/eic/hpl_eic.o
LOAD hpl/gclk/hpl_gclk.o
LOAD hpl/pm/hpl_pm.o
LOAD hpl/sercom/hpl_sercom.o
LOAD hpl/sysctrl/hpl_sysctrl.o
LOAD hpl/systick/hpl_systick.o
LOAD hpl/tc/hpl_tc.o
LOAD lib/beep.o
LOAD lib/i2c_ext_lib.o
LOAD lib/i2c_lib.o
LOAD lib/lcd_lib.o
LOAD lib/sonner.o
LOAD main.o
LOAD stdio_redirect/gcc/read.o
LOAD stdio_redirect/gcc/write.o
LOAD stdio_redirect/stdio_io.o
LOAD stdio_start.o
START GROUP
LOAD c:/program files (x86)/atmel/studio/7.0/toolchain/arm/arm-gnu-toolchain/bin/../lib/gcc/arm-none-eabi/6.3.1/../../../../arm-none-eabi/lib/thumb/v6-m\libm.a
END GROUP
START GROUP
LOAD c:/program files (x86)/atmel/studio/7.0/toolchain/arm/arm-gnu-toolchain/bin/../lib/gcc/arm-none-eabi/6.3.1/thumb/v6-m\libgcc.a
LOAD c:/program files (x86)/atmel/studio/7.0/toolchain/arm/arm-gnu-toolchain/bin/../lib/gcc/arm-none-eabi/6.3.1/../../../../arm-none-eabi/lib/thumb/v6-m\libc_nano.a
END GROUP
START GROUP
LOAD c:/program files (x86)/atmel/studio/7.0/toolchain/arm/arm-gnu-toolchain/bin/../lib/gcc/arm-none-eabi/6.3.1/thumb/v6-m\libgcc.a
LOAD c:/program files (x86)/atmel/studio/7.0/toolchain/arm/arm-gnu-toolchain/bin/../lib/gcc/arm-none-eabi/6.3.1/../../../../arm-none-eabi/lib/thumb/v6-m\libc_nano.a
END GROUP
LOAD c:/program files (x86)/atmel/studio/7.0/toolchain/arm/arm-gnu-toolchain/bin/../lib/gcc/arm-none-eabi/6.3.1/thumb/v6-m/crtend.o
LOAD c:/program files (x86)/atmel/studio/7.0/toolchain/arm/arm-gnu-toolchain/bin/../lib/gcc/arm-none-eabi/6.3.1/thumb/v6-m/crtn.o
                0x00002000                STACK_SIZE = DEFINED (STACK_SIZE)?STACK_SIZE:DEFINED (__stack_size__)?__stack_size__:0x2000

.text           0x00000000     0x4f5c
                0x00000000                . = ALIGN (0x4)
                0x00000000                _sfixed = .
 *(.vectors .vectors.*)
 .vectors       0x00000000       0xb4 Device_Startup/startup_samd21.o
                0x00000000                exception_table
 *(.text .text.* .gnu.linkonce.t.*)
 .text          0x000000b4       0x60 c:/program files (x86)/atmel/studio/7.0/toolchain/arm/arm-gnu-toolchain/bin/../lib/gcc/arm-none-eabi/6.3.1/thumb/v6-m/crtbegin.o
 .text.atmel_start_init
                0x00000114       0x14 atmel_start.o
                0x00000114                atmel_start_init
 .text.Dummy_Handler
                0x00000128        0x2 Device_Startup/startup_samd21.o
                0x00000128                SVCall_Handler
                0x00000128                DMAC_Handler
                0x00000128                HardFault_Handler
                0x00000128                AC_Handler
                0x00000128                SysTick_Handler
                0x00000128                PendSV_Handler
                0x00000128                TC7_Handler
                0x00000128                SERCOM1_Handler
                0x00000128                ADC_Handler
                0x00000128                NonMaskableInt_Handler
                0x00000128                TCC1_Handler
                0x00000128                SERCOM2_Handler
                0x00000128                TCC0_Handler
                0x00000128                RTC_Handler
                0x00000128                WDT_Handler
                0x00000128                USB_Handler
                0x00000128                Dummy_Handler
                0x00000128                PM_Handler
                0x00000128                SERCOM5_Handler
                0x00000128                TCC2_Handler
                0x00000128                EVSYS_Handler
                0x00000128                SERCOM3_Handler
                0x00000128                SERCOM4_Handler
                0x00000128                I2S_Handler
                0x00000128                NVMCTRL_Handler
                0x00000128                SERCOM0_Handler
                0x00000128                DAC_Handler
                0x00000128                PTC_Handler
                0x00000128                TC5_Handler
                0x00000128                SYSCTRL_Handler
 *fill*         0x0000012a        0x2 
 .text.Reset_Handler
                0x0000012c       0xe4 Device_Startup/startup_samd21.o
                0x0000012c                Reset_Handler
 .text.EXTERNAL_IRQ_0_init
                0x00000210       0x90 driver_init.o
                0x00000210                EXTERNAL_IRQ_0_init
 .text.I2C_0_PORT_init
                0x000002a0       0x50 driver_init.o
                0x000002a0                I2C_0_PORT_init
 .text.I2C_0_CLOCK_init
                0x000002f0       0x28 driver_init.o
                0x000002f0                I2C_0_CLOCK_init
 .text.I2C_0_init
                0x00000318       0x28 driver_init.o
                0x00000318                I2C_0_init
 .text.TARGET_IO_PORT_init
                0x00000340       0x40 driver_init.o
                0x00000340                TARGET_IO_PORT_init
 .text.TARGET_IO_CLOCK_init
                0x00000380       0x20 driver_init.o
                0x00000380                TARGET_IO_CLOCK_init
 .text.TARGET_IO_init
                0x000003a0       0x2c driver_init.o
                0x000003a0                TARGET_IO_init
 .text.delay_driver_init
                0x000003cc       0x14 driver_init.o
                0x000003cc                delay_driver_init
 .text.PWM_1_PORT_init
                0x000003e0       0x24 driver_init.o
                0x000003e0                PWM_1_PORT_init
 .text.PWM_1_CLOCK_init
                0x00000404       0x20 driver_init.o
                0x00000404                PWM_1_CLOCK_init
 .text.PWM_1_init
                0x00000424       0x34 driver_init.o
                0x00000424                PWM_1_init
 .text.PWM_0_PORT_init
                0x00000458       0x40 driver_init.o
                0x00000458                PWM_0_PORT_init
 .text.PWM_0_CLOCK_init
                0x00000498       0x20 driver_init.o
                0x00000498                PWM_0_CLOCK_init
 .text.PWM_0_init
                0x000004b8       0x34 driver_init.o
                0x000004b8                PWM_0_init
 .text.system_init
                0x000004ec       0x78 driver_init.o
                0x000004ec                system_init
 .text.atomic_enter_critical
                0x00000564        0xe hal/src/hal_atomic.o
                0x00000564                atomic_enter_critical
 .text.atomic_leave_critical
                0x00000572        0xc hal/src/hal_atomic.o
                0x00000572                atomic_leave_critical
 *fill*         0x0000057e        0x2 
 .text.delay_init
                0x00000580       0x14 hal/src/hal_delay.o
                0x00000580                delay_init
 .text.delay_us
                0x00000594       0x20 hal/src/hal_delay.o
                0x00000594                delay_us
 .text.delay_ms
                0x000005b4       0x20 hal/src/hal_delay.o
                0x000005b4                delay_ms
 .text.process_ext_irq
                0x000005d4       0x54 hal/src/hal_ext_irq.o
 .text.ext_irq_init
                0x00000628       0x28 hal/src/hal_ext_irq.o
                0x00000628                ext_irq_init
 .text.ext_irq_register
                0x00000650       0xb8 hal/src/hal_ext_irq.o
                0x00000650                ext_irq_register
 .text.ext_irq_enable
                0x00000708       0x10 hal/src/hal_ext_irq.o
                0x00000708                ext_irq_enable
 .text.ext_irq_disable
                0x00000718       0x10 hal/src/hal_ext_irq.o
                0x00000718                ext_irq_disable
 .text.i2c_m_sync_write
                0x00000728       0x30 hal/src/hal_i2c_m_sync.o
 .text.i2c_m_sync_read
                0x00000758       0x30 hal/src/hal_i2c_m_sync.o
 .text.i2c_m_sync_init
                0x00000788       0x40 hal/src/hal_i2c_m_sync.o
                0x00000788                i2c_m_sync_init
 .text.i2c_m_sync_enable
                0x000007c8        0xc hal/src/hal_i2c_m_sync.o
                0x000007c8                i2c_m_sync_enable
 .text.i2c_m_sync_set_slaveaddr
                0x000007d4       0x12 hal/src/hal_i2c_m_sync.o
                0x000007d4                i2c_m_sync_set_slaveaddr
 *fill*         0x000007e6        0x2 
 .text.i2c_m_sync_transfer
                0x000007e8        0xc hal/src/hal_i2c_m_sync.o
                0x000007e8                i2c_m_sync_transfer
 .text.io_write
                0x000007f4       0x34 hal/src/hal_io.o
                0x000007f4                io_write
 .text.io_read  0x00000828       0x34 hal/src/hal_io.o
                0x00000828                io_read
 .text.pwm_period_expired
                0x0000085c        0xc hal/src/hal_pwm.o
 .text.pwm_detect_fault
                0x00000868        0xc hal/src/hal_pwm.o
 .text.pwm_init
                0x00000874       0x48 hal/src/hal_pwm.o
                0x00000874                pwm_init
 .text.pwm_enable
                0x000008bc       0x3c hal/src/hal_pwm.o
                0x000008bc                pwm_enable
 .text.pwm_disable
                0x000008f8       0x3c hal/src/hal_pwm.o
                0x000008f8                pwm_disable
 .text.pwm_set_parameters
                0x00000934       0x30 hal/src/hal_pwm.o
                0x00000934                pwm_set_parameters
 .text.timer_add_timer_task
                0x00000964       0x70 hal/src/hal_timer.o
 .text.timer_process_counted
                0x000009d4       0x8c hal/src/hal_timer.o
 .text.timer_init
                0x00000a60       0x44 hal/src/hal_timer.o
                0x00000a60                timer_init
 .text.timer_start
                0x00000aa4       0x3c hal/src/hal_timer.o
                0x00000aa4                timer_start
 .text.timer_stop
                0x00000ae0       0x3c hal/src/hal_timer.o
                0x00000ae0                timer_stop
 .text.timer_add_task
                0x00000b1c       0xac hal/src/hal_timer.o
                0x00000b1c                timer_add_task
 .text.usart_sync_write
                0x00000bc8       0x7c hal/src/hal_usart_sync.o
 .text.usart_sync_read
                0x00000c44       0x68 hal/src/hal_usart_sync.o
 .text.usart_sync_init
                0x00000cac       0x4c hal/src/hal_usart_sync.o
                0x00000cac                usart_sync_init
 .text.usart_sync_enable
                0x00000cf8       0x2c hal/src/hal_usart_sync.o
                0x00000cf8                usart_sync_enable
 .text.assert   0x00000d24        0x8 hal/utils/src/utils_assert.o
                0x00000d24                assert
 .text.is_list_element
                0x00000d2c       0x24 hal/utils/src/utils_list.o
                0x00000d2c                is_list_element
 .text.list_insert_as_head
                0x00000d50       0x2c hal/utils/src/utils_list.o
                0x00000d50                list_insert_as_head
 .text.list_insert_after
                0x00000d7c        0x8 hal/utils/src/utils_list.o
                0x00000d7c                list_insert_after
 .text.list_remove_head
                0x00000d84        0xe hal/utils/src/utils_list.o
                0x00000d84                list_remove_head
 *fill*         0x00000d92        0x2 
 .text._sbrk    0x00000d94       0x24 hal/utils/src/utils_syscalls.o
                0x00000d94                _sbrk
 .text._close   0x00000db8        0x6 hal/utils/src/utils_syscalls.o
                0x00000db8                _close
 .text._fstat   0x00000dbe        0xa hal/utils/src/utils_syscalls.o
                0x00000dbe                _fstat
 .text._isatty  0x00000dc8        0x4 hal/utils/src/utils_syscalls.o
                0x00000dc8                _isatty
 .text._lseek   0x00000dcc        0x4 hal/utils/src/utils_syscalls.o
                0x00000dcc                _lseek
 .text._irq_set
                0x00000dd0       0x1c hpl/core/hpl_core_m0plus_base.o
                0x00000dd0                _irq_set
 .text._get_cycles_for_us
                0x00000dec       0x18 hpl/core/hpl_core_m0plus_base.o
                0x00000dec                _get_cycles_for_us
 .text._get_cycles_for_ms
                0x00000e04        0x8 hpl/core/hpl_core_m0plus_base.o
                0x00000e04                _get_cycles_for_ms
 .text._init_chip
                0x00000e0c       0x30 hpl/core/hpl_init.o
                0x00000e0c                _init_chip
 .text._ext_irq_init
                0x00000e3c       0x94 hpl/eic/hpl_eic.o
                0x00000e3c                _ext_irq_init
 .text._ext_irq_enable
                0x00000ed0       0x48 hpl/eic/hpl_eic.o
                0x00000ed0                _ext_irq_enable
 .text.EIC_Handler
                0x00000f18       0xe8 hpl/eic/hpl_eic.o
                0x00000f18                EIC_Handler
 .text._gclk_init_generators_by_fref
                0x00001000       0x20 hpl/gclk/hpl_gclk.o
                0x00001000                _gclk_init_generators_by_fref
 .text._pm_init
                0x00001020       0x20 hpl/pm/hpl_pm.o
                0x00001020                _pm_init
 .text._get_i2cm_index
                0x00001040       0x30 hpl/sercom/hpl_sercom.o
 .text._i2c_m_sync_init_impl
                0x00001070       0xdc hpl/sercom/hpl_sercom.o
 .text._usart_init
                0x0000114c       0x9c hpl/sercom/hpl_sercom.o
 .text._usart_sync_init
                0x000011e8       0x2c hpl/sercom/hpl_sercom.o
                0x000011e8                _usart_sync_init
 .text._usart_sync_enable
                0x00001214       0x14 hpl/sercom/hpl_sercom.o
                0x00001214                _usart_sync_enable
 .text._usart_sync_write_byte
                0x00001228        0x8 hpl/sercom/hpl_sercom.o
                0x00001228                _usart_sync_write_byte
 .text._usart_sync_read_byte
                0x00001230        0x8 hpl/sercom/hpl_sercom.o
                0x00001230                _usart_sync_read_byte
 .text._usart_sync_is_ready_to_send
                0x00001238        0xa hpl/sercom/hpl_sercom.o
                0x00001238                _usart_sync_is_ready_to_send
 .text._usart_sync_is_transmit_done
                0x00001242        0xa hpl/sercom/hpl_sercom.o
                0x00001242                _usart_sync_is_transmit_done
 .text._usart_sync_is_byte_received
                0x0000124c        0xa hpl/sercom/hpl_sercom.o
                0x0000124c                _usart_sync_is_byte_received
 *fill*         0x00001256        0x2 
 .text._i2c_m_sync_init
                0x00001258       0x30 hpl/sercom/hpl_sercom.o
                0x00001258                _i2c_m_sync_init
 .text._i2c_m_sync_enable
                0x00001288       0x84 hpl/sercom/hpl_sercom.o
                0x00001288                _i2c_m_sync_enable
 .text._i2c_m_sync_transfer
                0x0000130c      0x538 hpl/sercom/hpl_sercom.o
                0x0000130c                _i2c_m_sync_transfer
 .text._sysctrl_init_sources
                0x00001844       0x48 hpl/sysctrl/hpl_sysctrl.o
                0x00001844                _sysctrl_init_sources
 .text._sysctrl_init_referenced_generators
                0x0000188c       0x10 hpl/sysctrl/hpl_sysctrl.o
                0x0000188c                _sysctrl_init_referenced_generators
 .text._delay_init
                0x0000189c       0x14 hpl/systick/hpl_systick.o
                0x0000189c                _delay_init
 .text._delay_cycles
                0x000018b0       0x54 hpl/systick/hpl_systick.o
                0x000018b0                _delay_cycles
 .text.tc_pwm_interrupt_handler
                0x00001904       0x2e hpl/tc/hpl_tc.o
 *fill*         0x00001932        0x2 
 .text.get_tc_index
                0x00001934       0x54 hpl/tc/hpl_tc.o
 .text._timer_init
                0x00001988      0x140 hpl/tc/hpl_tc.o
                0x00001988                _timer_init
 .text._pwm_init
                0x00001ac8      0x10c hpl/tc/hpl_tc.o
                0x00001ac8                _pwm_init
 .text._timer_start
                0x00001bd4        0xc hpl/tc/hpl_tc.o
                0x00001bd4                _timer_start
 .text._pwm_enable
                0x00001be0        0xc hpl/tc/hpl_tc.o
                0x00001be0                _pwm_enable
 .text._timer_stop
                0x00001bec        0xc hpl/tc/hpl_tc.o
                0x00001bec                _timer_stop
 .text._pwm_disable
                0x00001bf8        0xc hpl/tc/hpl_tc.o
                0x00001bf8                _pwm_disable
 .text._pwm_set_param
                0x00001c04       0x40 hpl/tc/hpl_tc.o
                0x00001c04                _pwm_set_param
 .text._timer_is_started
                0x00001c44        0xa hpl/tc/hpl_tc.o
                0x00001c44                _timer_is_started
 .text._pwm_is_enabled
                0x00001c4e        0xa hpl/tc/hpl_tc.o
                0x00001c4e                _pwm_is_enabled
 .text._tc_get_timer
                0x00001c58        0x4 hpl/tc/hpl_tc.o
                0x00001c58                _tc_get_timer
 .text._tc_get_pwm
                0x00001c5c        0x4 hpl/tc/hpl_tc.o
                0x00001c5c                _tc_get_pwm
 .text._timer_set_irq
                0x00001c60       0x20 hpl/tc/hpl_tc.o
                0x00001c60                _timer_set_irq
 .text.TC3_Handler
                0x00001c80       0x20 hpl/tc/hpl_tc.o
                0x00001c80                TC3_Handler
 .text.TC4_Handler
                0x00001ca0       0x14 hpl/tc/hpl_tc.o
                0x00001ca0                TC4_Handler
 .text.TC6_Handler
                0x00001cb4       0x14 hpl/tc/hpl_tc.o
                0x00001cb4                TC6_Handler
 .text.beep     0x00001cc8       0x64 lib/beep.o
                0x00001cc8                beep
 .text.i2c_ext_write_reg8
                0x00001d2c       0x5c lib/i2c_ext_lib.o
                0x00001d2c                i2c_ext_write_reg8
 .text.i2c_init
                0x00001d88       0x14 lib/i2c_lib.o
                0x00001d88                i2c_init
 .text.i2c_write_single
                0x00001d9c       0x54 lib/i2c_lib.o
                0x00001d9c                i2c_write_single
 .text.i2c_write_multi
                0x00001df0       0x50 lib/i2c_lib.o
                0x00001df0                i2c_write_multi
 .text.getHeight
                0x00001e40        0xc lib/lcd_lib.o
                0x00001e40                getHeight
 .text.set_table
                0x00001e4c       0x48 lib/lcd_lib.o
                0x00001e4c                set_table
 .text.cursor_init
                0x00001e94       0x50 lib/lcd_lib.o
                0x00001e94                cursor_init
 .text.lcd_init
                0x00001ee4      0x120 lib/lcd_lib.o
                0x00001ee4                lcd_init
 .text.contrast_setting
                0x00002004      0x29c lib/lcd_lib.o
                0x00002004                contrast_setting
 .text.height_setting
                0x000022a0      0x27c lib/lcd_lib.o
                0x000022a0                height_setting
 .text.mirror_input
                0x0000251c      0x1e0 lib/lcd_lib.o
                0x0000251c                mirror_input
 .text.interrupt_PB06_cb
                0x000026fc       0x74 lib/sonner.o
 .text.sonner_timer_cb
                0x00002770       0x1c lib/sonner.o
 .text.getDistance
                0x0000278c        0xc lib/sonner.o
                0x0000278c                getDistance
 .text.sonner_init
                0x00002798       0xac lib/sonner.o
                0x00002798                sonner_init
 .text.sonner   0x00002844      0x2b0 main.o
                0x00002844                sonner
 .text.clean_display
                0x00002af4       0x34 main.o
                0x00002af4                clean_display
 .text.disp_menu
                0x00002b28      0x100 main.o
                0x00002b28                disp_menu
 .text.main     0x00002c28      0x10c main.o
                0x00002c28                main
 .text._read    0x00002d34       0x28 stdio_redirect/gcc/read.o
                0x00002d34                _read
 .text._write   0x00002d5c       0x28 stdio_redirect/gcc/write.o
                0x00002d5c                _write
 .text.stdio_io_init
                0x00002d84       0x2c stdio_redirect/stdio_io.o
                0x00002d84                stdio_io_init
 .text.stdio_io_read
                0x00002db0       0x24 stdio_redirect/stdio_io.o
                0x00002db0                stdio_io_read
 .text.stdio_io_write
                0x00002dd4       0x24 stdio_redirect/stdio_io.o
                0x00002dd4                stdio_io_write
 .text.stdio_redirect_init
                0x00002df8       0x20 stdio_start.o
                0x00002df8                stdio_redirect_init
 .text          0x00002e18      0x114 c:/program files (x86)/atmel/studio/7.0/toolchain/arm/arm-gnu-toolchain/bin/../lib/gcc/arm-none-eabi/6.3.1/thumb/v6-m\libgcc.a(_udivsi3.o)
                0x00002e18                __aeabi_uidiv
                0x00002e18                __udivsi3
                0x00002f24                __aeabi_uidivmod
 .text          0x00002f2c      0x1d4 c:/program files (x86)/atmel/studio/7.0/toolchain/arm/arm-gnu-toolchain/bin/../lib/gcc/arm-none-eabi/6.3.1/thumb/v6-m\libgcc.a(_divsi3.o)
                0x00002f2c                __divsi3
                0x00002f2c                __aeabi_idiv
                0x000030f8                __aeabi_idivmod
 .text          0x00003100        0x4 c:/program files (x86)/atmel/studio/7.0/toolchain/arm/arm-gnu-toolchain/bin/../lib/gcc/arm-none-eabi/6.3.1/thumb/v6-m\libgcc.a(_dvmd_tls.o)
                0x00003100                __aeabi_idiv0
                0x00003100                __aeabi_ldiv0
 .text          0x00003104       0x14 c:/program files (x86)/atmel/studio/7.0/toolchain/arm/arm-gnu-toolchain/bin/../lib/gcc/arm-none-eabi/6.3.1/thumb/v6-m\libgcc.a(_ffssi2.o)
                0x00003104                __ffssi2
 .text          0x00003118      0x500 c:/program files (x86)/atmel/studio/7.0/toolchain/arm/arm-gnu-toolchain/bin/../lib/gcc/arm-none-eabi/6.3.1/thumb/v6-m\libgcc.a(muldf3.o)
                0x00003118                __aeabi_dmul
 .text          0x00003618       0x68 c:/program files (x86)/atmel/studio/7.0/toolchain/arm/arm-gnu-toolchain/bin/../lib/gcc/arm-none-eabi/6.3.1/thumb/v6-m\libgcc.a(fixdfsi.o)
                0x00003618                __aeabi_d2iz
 .text          0x00003680       0x84 c:/program files (x86)/atmel/studio/7.0/toolchain/arm/arm-gnu-toolchain/bin/../lib/gcc/arm-none-eabi/6.3.1/thumb/v6-m\libgcc.a(floatsidf.o)
                0x00003680                __aeabi_i2d
 .text          0x00003704       0x3c c:/program files (x86)/atmel/studio/7.0/toolchain/arm/arm-gnu-toolchain/bin/../lib/gcc/arm-none-eabi/6.3.1/thumb/v6-m\libgcc.a(_clzsi2.o)
                0x00003704                __clzsi2
 .text          0x00003740       0x40 c:/program files (x86)/atmel/studio/7.0/toolchain/arm/arm-gnu-toolchain/bin/../lib/gcc/arm-none-eabi/6.3.1/thumb/v6-m\libgcc.a(_ctzsi2.o)
                0x00003740                __ctzsi2
 .text.__libc_init_array
                0x00003780       0x48 c:/program files (x86)/atmel/studio/7.0/toolchain/arm/arm-gnu-toolchain/bin/../lib/gcc/arm-none-eabi/6.3.1/../../../../arm-none-eabi/lib/thumb/v6-m\libc_nano.a(lib_a-init.o)
                0x00003780                __libc_init_array
 .text.malloc   0x000037c8       0x14 c:/program files (x86)/atmel/studio/7.0/toolchain/arm/arm-gnu-toolchain/bin/../lib/gcc/arm-none-eabi/6.3.1/../../../../arm-none-eabi/lib/thumb/v6-m\libc_nano.a(lib_a-malloc.o)
                0x000037c8                malloc
 .text.memcpy   0x000037dc       0x12 c:/program files (x86)/atmel/studio/7.0/toolchain/arm/arm-gnu-toolchain/bin/../lib/gcc/arm-none-eabi/6.3.1/../../../../arm-none-eabi/lib/thumb/v6-m\libc_nano.a(lib_a-memcpy-stub.o)
                0x000037dc                memcpy
 .text.memset   0x000037ee       0x10 c:/program files (x86)/atmel/studio/7.0/toolchain/arm/arm-gnu-toolchain/bin/../lib/gcc/arm-none-eabi/6.3.1/../../../../arm-none-eabi/lib/thumb/v6-m\libc_nano.a(lib_a-memset.o)
                0x000037ee                memset
 *fill*         0x000037fe        0x2 
 .text._free_r  0x00003800       0x94 c:/program files (x86)/atmel/studio/7.0/toolchain/arm/arm-gnu-toolchain/bin/../lib/gcc/arm-none-eabi/6.3.1/../../../../arm-none-eabi/lib/thumb/v6-m\libc_nano.a(lib_a-nano-freer.o)
                0x00003800                _free_r
 .text._malloc_r
                0x00003894       0xbc c:/program files (x86)/atmel/studio/7.0/toolchain/arm/arm-gnu-toolchain/bin/../lib/gcc/arm-none-eabi/6.3.1/../../../../arm-none-eabi/lib/thumb/v6-m\libc_nano.a(lib_a-nano-mallocr.o)
                0x00003894                _malloc_r
 .text._puts_r  0x00003950       0xc0 c:/program files (x86)/atmel/studio/7.0/toolchain/arm/arm-gnu-toolchain/bin/../lib/gcc/arm-none-eabi/6.3.1/../../../../arm-none-eabi/lib/thumb/v6-m\libc_nano.a(lib_a-puts.o)
                0x00003950                _puts_r
 .text.puts     0x00003a10       0x14 c:/program files (x86)/atmel/studio/7.0/toolchain/arm/arm-gnu-toolchain/bin/../lib/gcc/arm-none-eabi/6.3.1/../../../../arm-none-eabi/lib/thumb/v6-m\libc_nano.a(lib_a-puts.o)
                0x00003a10                puts
 .text.__srget_r
                0x00003a24       0x60 c:/program files (x86)/atmel/studio/7.0/toolchain/arm/arm-gnu-toolchain/bin/../lib/gcc/arm-none-eabi/6.3.1/../../../../arm-none-eabi/lib/thumb/v6-m\libc_nano.a(lib_a-rget.o)
                0x00003a24                __srget_r
 .text._sbrk_r  0x00003a84       0x24 c:/program files (x86)/atmel/studio/7.0/toolchain/arm/arm-gnu-toolchain/bin/../lib/gcc/arm-none-eabi/6.3.1/../../../../arm-none-eabi/lib/thumb/v6-m\libc_nano.a(lib_a-sbrkr.o)
                0x00003a84                _sbrk_r
 .text.setbuf   0x00003aa8       0x12 c:/program files (x86)/atmel/studio/7.0/toolchain/arm/arm-gnu-toolchain/bin/../lib/gcc/arm-none-eabi/6.3.1/../../../../arm-none-eabi/lib/thumb/v6-m\libc_nano.a(lib_a-setbuf.o)
                0x00003aa8                setbuf
 *fill*         0x00003aba        0x2 
 .text.setvbuf  0x00003abc      0x158 c:/program files (x86)/atmel/studio/7.0/toolchain/arm/arm-gnu-toolchain/bin/../lib/gcc/arm-none-eabi/6.3.1/../../../../arm-none-eabi/lib/thumb/v6-m\libc_nano.a(lib_a-setvbuf.o)
                0x00003abc                setvbuf
 .text.sprintf  0x00003c14       0x44 c:/program files (x86)/atmel/studio/7.0/toolchain/arm/arm-gnu-toolchain/bin/../lib/gcc/arm-none-eabi/6.3.1/../../../../arm-none-eabi/lib/thumb/v6-m\libc_nano.a(lib_a-sprintf.o)
                0x00003c14                siprintf
                0x00003c14                sprintf
 .text          0x00003c58        0xe c:/program files (x86)/atmel/studio/7.0/toolchain/arm/arm-gnu-toolchain/bin/../lib/gcc/arm-none-eabi/6.3.1/../../../../arm-none-eabi/lib/thumb/v6-m\libc_nano.a(lib_a-strlen.o)
                0x00003c58                strlen
 *fill*         0x00003c66        0x2 
 .text.__swbuf_r
                0x00003c68       0xac c:/program files (x86)/atmel/studio/7.0/toolchain/arm/arm-gnu-toolchain/bin/../lib/gcc/arm-none-eabi/6.3.1/../../../../arm-none-eabi/lib/thumb/v6-m\libc_nano.a(lib_a-wbuf.o)
                0x00003c68                __swbuf_r
 .text.__swsetup_r
                0x00003d14       0xec c:/program files (x86)/atmel/studio/7.0/toolchain/arm/arm-gnu-toolchain/bin/../lib/gcc/arm-none-eabi/6.3.1/../../../../arm-none-eabi/lib/thumb/v6-m\libc_nano.a(lib_a-wsetup.o)
                0x00003d14                __swsetup_r
 .text.__sflush_r
                0x00003e00      0x114 c:/program files (x86)/atmel/studio/7.0/toolchain/arm/arm-gnu-toolchain/bin/../lib/gcc/arm-none-eabi/6.3.1/../../../../arm-none-eabi/lib/thumb/v6-m\libc_nano.a(lib_a-fflush.o)
                0x00003e00                __sflush_r
 .text._fflush_r
                0x00003f14       0x58 c:/program files (x86)/atmel/studio/7.0/toolchain/arm/arm-gnu-toolchain/bin/../lib/gcc/arm-none-eabi/6.3.1/../../../../arm-none-eabi/lib/thumb/v6-m\libc_nano.a(lib_a-fflush.o)
                0x00003f14                _fflush_r
 .text.fflush   0x00003f6c       0x28 c:/program files (x86)/atmel/studio/7.0/toolchain/arm/arm-gnu-toolchain/bin/../lib/gcc/arm-none-eabi/6.3.1/../../../../arm-none-eabi/lib/thumb/v6-m\libc_nano.a(lib_a-fflush.o)
                0x00003f6c                fflush
 .text._cleanup_r
                0x00003f94       0x10 c:/program files (x86)/atmel/studio/7.0/toolchain/arm/arm-gnu-toolchain/bin/../lib/gcc/arm-none-eabi/6.3.1/../../../../arm-none-eabi/lib/thumb/v6-m\libc_nano.a(lib_a-findfp.o)
                0x00003f94                _cleanup_r
 .text.std.isra.0
                0x00003fa4       0x48 c:/program files (x86)/atmel/studio/7.0/toolchain/arm/arm-gnu-toolchain/bin/../lib/gcc/arm-none-eabi/6.3.1/../../../../arm-none-eabi/lib/thumb/v6-m\libc_nano.a(lib_a-findfp.o)
 .text.__sfmoreglue
                0x00003fec       0x2c c:/program files (x86)/atmel/studio/7.0/toolchain/arm/arm-gnu-toolchain/bin/../lib/gcc/arm-none-eabi/6.3.1/../../../../arm-none-eabi/lib/thumb/v6-m\libc_nano.a(lib_a-findfp.o)
                0x00003fec                __sfmoreglue
 .text.__sinit  0x00004018       0x68 c:/program files (x86)/atmel/studio/7.0/toolchain/arm/arm-gnu-toolchain/bin/../lib/gcc/arm-none-eabi/6.3.1/../../../../arm-none-eabi/lib/thumb/v6-m\libc_nano.a(lib_a-findfp.o)
                0x00004018                __sinit
 .text.__sfp    0x00004080       0x80 c:/program files (x86)/atmel/studio/7.0/toolchain/arm/arm-gnu-toolchain/bin/../lib/gcc/arm-none-eabi/6.3.1/../../../../arm-none-eabi/lib/thumb/v6-m\libc_nano.a(lib_a-findfp.o)
                0x00004080                __sfp
 .text._fwalk   0x00004100       0x38 c:/program files (x86)/atmel/studio/7.0/toolchain/arm/arm-gnu-toolchain/bin/../lib/gcc/arm-none-eabi/6.3.1/../../../../arm-none-eabi/lib/thumb/v6-m\libc_nano.a(lib_a-fwalk.o)
                0x00004100                _fwalk
 .text._fwalk_reent
                0x00004138       0x42 c:/program files (x86)/atmel/studio/7.0/toolchain/arm/arm-gnu-toolchain/bin/../lib/gcc/arm-none-eabi/6.3.1/../../../../arm-none-eabi/lib/thumb/v6-m\libc_nano.a(lib_a-fwalk.o)
                0x00004138                _fwalk_reent
 *fill*         0x0000417a        0x2 
 .text.__swhatbuf_r
                0x0000417c       0x50 c:/program files (x86)/atmel/studio/7.0/toolchain/arm/arm-gnu-toolchain/bin/../lib/gcc/arm-none-eabi/6.3.1/../../../../arm-none-eabi/lib/thumb/v6-m\libc_nano.a(lib_a-makebuf.o)
                0x0000417c                __swhatbuf_r
 .text.__smakebuf_r
                0x000041cc       0x88 c:/program files (x86)/atmel/studio/7.0/toolchain/arm/arm-gnu-toolchain/bin/../lib/gcc/arm-none-eabi/6.3.1/../../../../arm-none-eabi/lib/thumb/v6-m\libc_nano.a(lib_a-makebuf.o)
                0x000041cc                __smakebuf_r
 .text.__malloc_lock
                0x00004254        0x2 c:/program files (x86)/atmel/studio/7.0/toolchain/arm/arm-gnu-toolchain/bin/../lib/gcc/arm-none-eabi/6.3.1/../../../../arm-none-eabi/lib/thumb/v6-m\libc_nano.a(lib_a-mlock.o)
                0x00004254                __malloc_lock
 .text.__malloc_unlock
                0x00004256        0x2 c:/program files (x86)/atmel/studio/7.0/toolchain/arm/arm-gnu-toolchain/bin/../lib/gcc/arm-none-eabi/6.3.1/../../../../arm-none-eabi/lib/thumb/v6-m\libc_nano.a(lib_a-mlock.o)
                0x00004256                __malloc_unlock
 .text.__ssputs_r
                0x00004258       0xc4 c:/program files (x86)/atmel/studio/7.0/toolchain/arm/arm-gnu-toolchain/bin/../lib/gcc/arm-none-eabi/6.3.1/../../../../arm-none-eabi/lib/thumb/v6-m\libc_nano.a(lib_a-nano-svfprintf.o)
                0x00004258                __ssputs_r
 .text._svfprintf_r
                0x0000431c      0x208 c:/program files (x86)/atmel/studio/7.0/toolchain/arm/arm-gnu-toolchain/bin/../lib/gcc/arm-none-eabi/6.3.1/../../../../arm-none-eabi/lib/thumb/v6-m\libc_nano.a(lib_a-nano-svfprintf.o)
                0x0000431c                _svfiprintf_r
                0x0000431c                _svfprintf_r
 .text._printf_common
                0x00004524       0xda c:/program files (x86)/atmel/studio/7.0/toolchain/arm/arm-gnu-toolchain/bin/../lib/gcc/arm-none-eabi/6.3.1/../../../../arm-none-eabi/lib/thumb/v6-m\libc_nano.a(lib_a-nano-vfprintf_i.o)
                0x00004524                _printf_common
 *fill*         0x000045fe        0x2 
 .text._printf_i
                0x00004600      0x234 c:/program files (x86)/atmel/studio/7.0/toolchain/arm/arm-gnu-toolchain/bin/../lib/gcc/arm-none-eabi/6.3.1/../../../../arm-none-eabi/lib/thumb/v6-m\libc_nano.a(lib_a-nano-vfprintf_i.o)
                0x00004600                _printf_i
 .text.lflush   0x00004834       0x18 c:/program files (x86)/atmel/studio/7.0/toolchain/arm/arm-gnu-toolchain/bin/../lib/gcc/arm-none-eabi/6.3.1/../../../../arm-none-eabi/lib/thumb/v6-m\libc_nano.a(lib_a-refill.o)
 .text.__srefill_r
                0x0000484c      0x120 c:/program files (x86)/atmel/studio/7.0/toolchain/arm/arm-gnu-toolchain/bin/../lib/gcc/arm-none-eabi/6.3.1/../../../../arm-none-eabi/lib/thumb/v6-m\libc_nano.a(lib_a-refill.o)
                0x0000484c                __srefill_r
 .text.__sread  0x0000496c       0x28 c:/program files (x86)/atmel/studio/7.0/toolchain/arm/arm-gnu-toolchain/bin/../lib/gcc/arm-none-eabi/6.3.1/../../../../arm-none-eabi/lib/thumb/v6-m\libc_nano.a(lib_a-stdio.o)
                0x0000496c                __sread
 .text.__swrite
                0x00004994       0x38 c:/program files (x86)/atmel/studio/7.0/toolchain/arm/arm-gnu-toolchain/bin/../lib/gcc/arm-none-eabi/6.3.1/../../../../arm-none-eabi/lib/thumb/v6-m\libc_nano.a(lib_a-stdio.o)
                0x00004994                __swrite
 .text.__sseek  0x000049cc       0x2c c:/program files (x86)/atmel/studio/7.0/toolchain/arm/arm-gnu-toolchain/bin/../lib/gcc/arm-none-eabi/6.3.1/../../../../arm-none-eabi/lib/thumb/v6-m\libc_nano.a(lib_a-stdio.o)
                0x000049cc                __sseek
 .text.__sclose
                0x000049f8        0xc c:/program files (x86)/atmel/studio/7.0/toolchain/arm/arm-gnu-toolchain/bin/../lib/gcc/arm-none-eabi/6.3.1/../../../../arm-none-eabi/lib/thumb/v6-m\libc_nano.a(lib_a-stdio.o)
                0x000049f8                __sclose
 .text._write_r
                0x00004a04       0x28 c:/program files (x86)/atmel/studio/7.0/toolchain/arm/arm-gnu-toolchain/bin/../lib/gcc/arm-none-eabi/6.3.1/../../../../arm-none-eabi/lib/thumb/v6-m\libc_nano.a(lib_a-writer.o)
                0x00004a04                _write_r
 .text._close_r
                0x00004a2c       0x24 c:/program files (x86)/atmel/studio/7.0/toolchain/arm/arm-gnu-toolchain/bin/../lib/gcc/arm-none-eabi/6.3.1/../../../../arm-none-eabi/lib/thumb/v6-m\libc_nano.a(lib_a-closer.o)
                0x00004a2c                _close_r
 .text._fstat_r
                0x00004a50       0x24 c:/program files (x86)/atmel/studio/7.0/toolchain/arm/arm-gnu-toolchain/bin/../lib/gcc/arm-none-eabi/6.3.1/../../../../arm-none-eabi/lib/thumb/v6-m\libc_nano.a(lib_a-fstatr.o)
                0x00004a50                _fstat_r
 .text._isatty_r
                0x00004a74       0x24 c:/program files (x86)/atmel/studio/7.0/toolchain/arm/arm-gnu-toolchain/bin/../lib/gcc/arm-none-eabi/6.3.1/../../../../arm-none-eabi/lib/thumb/v6-m\libc_nano.a(lib_a-isattyr.o)
                0x00004a74                _isatty_r
 .text._lseek_r
                0x00004a98       0x28 c:/program files (x86)/atmel/studio/7.0/toolchain/arm/arm-gnu-toolchain/bin/../lib/gcc/arm-none-eabi/6.3.1/../../../../arm-none-eabi/lib/thumb/v6-m\libc_nano.a(lib_a-lseekr.o)
                0x00004a98                _lseek_r
 .text.memchr   0x00004ac0       0x16 c:/program files (x86)/atmel/studio/7.0/toolchain/arm/arm-gnu-toolchain/bin/../lib/gcc/arm-none-eabi/6.3.1/../../../../arm-none-eabi/lib/thumb/v6-m\libc_nano.a(lib_a-memchr-stub.o)
                0x00004ac0                memchr
 .text.memmove  0x00004ad6       0x24 c:/program files (x86)/atmel/studio/7.0/toolchain/arm/arm-gnu-toolchain/bin/../lib/gcc/arm-none-eabi/6.3.1/../../../../arm-none-eabi/lib/thumb/v6-m\libc_nano.a(lib_a-memmove.o)
                0x00004ad6                memmove
 .text._realloc_r
                0x00004afa       0x4c c:/program files (x86)/atmel/studio/7.0/toolchain/arm/arm-gnu-toolchain/bin/../lib/gcc/arm-none-eabi/6.3.1/../../../../arm-none-eabi/lib/thumb/v6-m\libc_nano.a(lib_a-nano-reallocr.o)
                0x00004afa                _realloc_r
 *fill*         0x00004b46        0x2 
 .text._read_r  0x00004b48       0x28 c:/program files (x86)/atmel/studio/7.0/toolchain/arm/arm-gnu-toolchain/bin/../lib/gcc/arm-none-eabi/6.3.1/../../../../arm-none-eabi/lib/thumb/v6-m\libc_nano.a(lib_a-readr.o)
                0x00004b48                _read_r
 .text._malloc_usable_size_r
                0x00004b70       0x10 c:/program files (x86)/atmel/studio/7.0/toolchain/arm/arm-gnu-toolchain/bin/../lib/gcc/arm-none-eabi/6.3.1/../../../../arm-none-eabi/lib/thumb/v6-m\libc_nano.a(lib_a-nano-msizer.o)
                0x00004b70                _malloc_usable_size_r
 *(.glue_7t)
 .glue_7t       0x00004b80        0x0 linker stubs
 *(.glue_7)
 .glue_7        0x00004b80        0x0 linker stubs
 *(.rodata .rodata* .gnu.linkonce.r.*)
 .rodata.str1.4
                0x00004b80       0x1c hal/src/hal_i2c_m_sync.o
 .rodata.str1.4
                0x00004b9c       0x14 hal/src/hal_io.o
 .rodata.str1.4
                0x00004bb0       0x15 hal/src/hal_pwm.o
 *fill*         0x00004bc5        0x3 
 .rodata.str1.4
                0x00004bc8       0x17 hal/src/hal_timer.o
 *fill*         0x00004bdf        0x1 
 .rodata.str1.4
                0x00004be0       0x1c hal/src/hal_usart_sync.o
 .rodata.str1.4
                0x00004bfc       0x1e hal/utils/src/utils_list.o
 *fill*         0x00004c1a        0x2 
 .rodata        0x00004c1c       0x10 hpl/eic/hpl_eic.o
 .rodata.str1.4
                0x00004c2c       0x15 hpl/eic/hpl_eic.o
 *fill*         0x00004c41        0x3 
 .rodata        0x00004c44       0x18 hpl/sercom/hpl_sercom.o
 .rodata.str1.4
                0x00004c5c       0x1b hpl/sercom/hpl_sercom.o
 *fill*         0x00004c77        0x1 
 .rodata.str1.4
                0x00004c78       0x13 hpl/tc/hpl_tc.o
 *fill*         0x00004c8b        0x1 
 .rodata        0x00004c8c       0x45 lib/lcd_lib.o
 *fill*         0x00004cd1        0x3 
 .rodata.str1.4
                0x00004cd4       0x1a lib/lcd_lib.o
 *fill*         0x00004cee        0x2 
 .rodata        0x00004cf0      0x150 main.o
 .rodata.str1.4
                0x00004e40       0x24 main.o
                                 0x32 (size before relaxing)
 .rodata        0x00004e64       0x40 c:/program files (x86)/atmel/studio/7.0/toolchain/arm/arm-gnu-toolchain/bin/../lib/gcc/arm-none-eabi/6.3.1/thumb/v6-m\libgcc.a(muldf3.o)
 .rodata._global_impure_ptr
                0x00004ea4        0x4 c:/program files (x86)/atmel/studio/7.0/toolchain/arm/arm-gnu-toolchain/bin/../lib/gcc/arm-none-eabi/6.3.1/../../../../arm-none-eabi/lib/thumb/v6-m\libc_nano.a(lib_a-impure.o)
                0x00004ea4                _global_impure_ptr
 .rodata.__sf_fake_stderr
                0x00004ea8       0x20 c:/program files (x86)/atmel/studio/7.0/toolchain/arm/arm-gnu-toolchain/bin/../lib/gcc/arm-none-eabi/6.3.1/../../../../arm-none-eabi/lib/thumb/v6-m\libc_nano.a(lib_a-findfp.o)
                0x00004ea8                __sf_fake_stderr
 .rodata.__sf_fake_stdin
                0x00004ec8       0x20 c:/program files (x86)/atmel/studio/7.0/toolchain/arm/arm-gnu-toolchain/bin/../lib/gcc/arm-none-eabi/6.3.1/../../../../arm-none-eabi/lib/thumb/v6-m\libc_nano.a(lib_a-findfp.o)
                0x00004ec8                __sf_fake_stdin
 .rodata.__sf_fake_stdout
                0x00004ee8       0x20 c:/program files (x86)/atmel/studio/7.0/toolchain/arm/arm-gnu-toolchain/bin/../lib/gcc/arm-none-eabi/6.3.1/../../../../arm-none-eabi/lib/thumb/v6-m\libc_nano.a(lib_a-findfp.o)
                0x00004ee8                __sf_fake_stdout
 .rodata._svfprintf_r.str1.1
                0x00004f08       0x11 c:/program files (x86)/atmel/studio/7.0/toolchain/arm/arm-gnu-toolchain/bin/../lib/gcc/arm-none-eabi/6.3.1/../../../../arm-none-eabi/lib/thumb/v6-m\libc_nano.a(lib_a-nano-svfprintf.o)
 .rodata._printf_i.str1.1
                0x00004f19       0x22 c:/program files (x86)/atmel/studio/7.0/toolchain/arm/arm-gnu-toolchain/bin/../lib/gcc/arm-none-eabi/6.3.1/../../../../arm-none-eabi/lib/thumb/v6-m\libc_nano.a(lib_a-nano-vfprintf_i.o)
 *(.ARM.extab* .gnu.linkonce.armextab.*)
                0x00004f3c                . = ALIGN (0x4)
 *fill*         0x00004f3b        0x1 
 *(.init)
 .init          0x00004f3c        0x4 c:/program files (x86)/atmel/studio/7.0/toolchain/arm/arm-gnu-toolchain/bin/../lib/gcc/arm-none-eabi/6.3.1/thumb/v6-m/crti.o
                0x00004f3c                _init
 .init          0x00004f40        0x8 c:/program files (x86)/atmel/studio/7.0/toolchain/arm/arm-gnu-toolchain/bin/../lib/gcc/arm-none-eabi/6.3.1/thumb/v6-m/crtn.o
                0x00004f48                . = ALIGN (0x4)
                0x00004f48                __preinit_array_start = .
 *(.preinit_array)
                0x00004f48                __preinit_array_end = .
                0x00004f48                . = ALIGN (0x4)
                0x00004f48                __init_array_start = .
 *(SORT(.init_array.*))
 *(.init_array)
 .init_array    0x00004f48        0x4 c:/program files (x86)/atmel/studio/7.0/toolchain/arm/arm-gnu-toolchain/bin/../lib/gcc/arm-none-eabi/6.3.1/thumb/v6-m/crtbegin.o
                0x00004f4c                __init_array_end = .
                0x00004f4c                . = ALIGN (0x4)
 *crtbegin.o(.ctors)
 *(EXCLUDE_FILE(*crtend.o) .ctors)
 *(SORT(.ctors.*))
 *crtend.o(.ctors)
                0x00004f4c                . = ALIGN (0x4)
 *(.fini)
 .fini          0x00004f4c        0x4 c:/program files (x86)/atmel/studio/7.0/toolchain/arm/arm-gnu-toolchain/bin/../lib/gcc/arm-none-eabi/6.3.1/thumb/v6-m/crti.o
                0x00004f4c                _fini
 .fini          0x00004f50        0x8 c:/program files (x86)/atmel/studio/7.0/toolchain/arm/arm-gnu-toolchain/bin/../lib/gcc/arm-none-eabi/6.3.1/thumb/v6-m/crtn.o
                0x00004f58                . = ALIGN (0x4)
                0x00004f58                __fini_array_start = .
 *(.fini_array)
 .fini_array    0x00004f58        0x4 c:/program files (x86)/atmel/studio/7.0/toolchain/arm/arm-gnu-toolchain/bin/../lib/gcc/arm-none-eabi/6.3.1/thumb/v6-m/crtbegin.o
 *(SORT(.fini_array.*))
                0x00004f5c                __fini_array_end = .
 *crtbegin.o(.dtors)
 *(EXCLUDE_FILE(*crtend.o) .dtors)
 *(SORT(.dtors.*))
 *crtend.o(.dtors)
                0x00004f5c                . = ALIGN (0x4)
                0x00004f5c                _efixed = .
                [!provide]                PROVIDE (__exidx_start, .)

.vfp11_veneer   0x00004f5c        0x0
 .vfp11_veneer  0x00004f5c        0x0 linker stubs

.v4_bx          0x00004f5c        0x0
 .v4_bx         0x00004f5c        0x0 linker stubs

.iplt           0x00004f5c        0x0
 .iplt          0x00004f5c        0x0 c:/program files (x86)/atmel/studio/7.0/toolchain/arm/arm-gnu-toolchain/bin/../lib/gcc/arm-none-eabi/6.3.1/thumb/v6-m/crtbegin.o

.eh_frame       0x00004f5c        0x0
 .eh_frame      0x00004f5c        0x0 c:/program files (x86)/atmel/studio/7.0/toolchain/arm/arm-gnu-toolchain/bin/../lib/gcc/arm-none-eabi/6.3.1/thumb/v6-m/crtbegin.o

.rel.dyn        0x00004f5c        0x0
 .rel.iplt      0x00004f5c        0x0 c:/program files (x86)/atmel/studio/7.0/toolchain/arm/arm-gnu-toolchain/bin/../lib/gcc/arm-none-eabi/6.3.1/thumb/v6-m/crtbegin.o

.jcr            0x00004f5c        0x0
 .jcr           0x00004f5c        0x0 c:/program files (x86)/atmel/studio/7.0/toolchain/arm/arm-gnu-toolchain/bin/../lib/gcc/arm-none-eabi/6.3.1/thumb/v6-m/crtbegin.o

.igot.plt       0x00004f5c        0x0
 .igot.plt      0x00004f5c        0x0 c:/program files (x86)/atmel/studio/7.0/toolchain/arm/arm-gnu-toolchain/bin/../lib/gcc/arm-none-eabi/6.3.1/thumb/v6-m/crtbegin.o

.ARM.exidx
 *(.ARM.exidx* .gnu.linkonce.armexidx.*)
                [!provide]                PROVIDE (__exidx_end, .)
                0x00004f5c                . = ALIGN (0x4)
                0x00004f5c                _etext = .

.relocate       0x20000000       0xa4 load address 0x00004f5c
                0x20000000                . = ALIGN (0x4)
                0x20000000                _srelocate = .
 *(.ramfunc .ramfunc.*)
 *(.data .data.*)
 .data          0x20000000       0x3c hpl/tc/hpl_tc.o
 .data          0x2000003c        0x1 lib/sonner.o
 *fill*         0x2000003d        0x3 
 .data._impure_ptr
                0x20000040        0x4 c:/program files (x86)/atmel/studio/7.0/toolchain/arm/arm-gnu-toolchain/bin/../lib/gcc/arm-none-eabi/6.3.1/../../../../arm-none-eabi/lib/thumb/v6-m\libc_nano.a(lib_a-impure.o)
                0x20000040                _impure_ptr
 .data.impure_data
                0x20000044       0x60 c:/program files (x86)/atmel/studio/7.0/toolchain/arm/arm-gnu-toolchain/bin/../lib/gcc/arm-none-eabi/6.3.1/../../../../arm-none-eabi/lib/thumb/v6-m\libc_nano.a(lib_a-impure.o)
                0x200000a4                . = ALIGN (0x4)
                0x200000a4                _erelocate = .

.bss            0x200000a4       0xf0 load address 0x00005000
                0x200000a4                . = ALIGN (0x4)
                0x200000a4                _sbss = .
                0x200000a4                _szero = .
 *(.bss .bss.*)
 .bss           0x200000a4       0x1c c:/program files (x86)/atmel/studio/7.0/toolchain/arm/arm-gnu-toolchain/bin/../lib/gcc/arm-none-eabi/6.3.1/thumb/v6-m/crtbegin.o
 .bss           0x200000c0        0x4 hal/src/hal_delay.o
 .bss           0x200000c4       0x10 hal/src/hal_ext_irq.o
 .bss           0x200000d4        0x4 hal/utils/src/utils_syscalls.o
 .bss           0x200000d8        0x4 hpl/eic/hpl_eic.o
 .bss           0x200000dc        0xc hpl/tc/hpl_tc.o
 .bss           0x200000e8        0x4 lib/lcd_lib.o
 .bss           0x200000ec       0x18 lib/sonner.o
 .bss           0x20000104        0x4 stdio_redirect/stdio_io.o
 .bss.__malloc_free_list
                0x20000108        0x4 c:/program files (x86)/atmel/studio/7.0/toolchain/arm/arm-gnu-toolchain/bin/../lib/gcc/arm-none-eabi/6.3.1/../../../../arm-none-eabi/lib/thumb/v6-m\libc_nano.a(lib_a-nano-mallocr.o)
                0x20000108                __malloc_free_list
 .bss.__malloc_sbrk_start
                0x2000010c        0x4 c:/program files (x86)/atmel/studio/7.0/toolchain/arm/arm-gnu-toolchain/bin/../lib/gcc/arm-none-eabi/6.3.1/../../../../arm-none-eabi/lib/thumb/v6-m\libc_nano.a(lib_a-nano-mallocr.o)
                0x2000010c                __malloc_sbrk_start
 *(COMMON)
 COMMON         0x20000110       0x80 driver_init.o
                0x20000110                PWM_0
                0x2000012c                TARGET_IO
                0x20000138                PWM_1
                0x20000154                I2C_0
                0x20000174                TIMER_0
 COMMON         0x20000190        0x4 c:/program files (x86)/atmel/studio/7.0/toolchain/arm/arm-gnu-toolchain/bin/../lib/gcc/arm-none-eabi/6.3.1/../../../../arm-none-eabi/lib/thumb/v6-m\libc_nano.a(lib_a-reent.o)
                0x20000190                errno
                0x20000194                . = ALIGN (0x4)
                0x20000194                _ebss = .
                0x20000194                _ezero = .

.stack          0x20000194     0x2004 load address 0x000050f0
                0x20000198                . = ALIGN (0x8)
 *fill*         0x20000194        0x4 
                0x20000198                _sstack = .
                0x20002198                . = (. + STACK_SIZE)
 *fill*         0x20000198     0x2000 
                0x20002198                . = ALIGN (0x8)
                0x20002198                _estack = .
                0x20002198                . = ALIGN (0x4)
                0x20002198                _end = .
OUTPUT(EET2020_FINAL.elf elf32-littlearm)

.ARM.attributes
                0x00000000       0x28
 .ARM.attributes
                0x00000000       0x1e c:/program files (x86)/atmel/studio/7.0/toolchain/arm/arm-gnu-toolchain/bin/../lib/gcc/arm-none-eabi/6.3.1/thumb/v6-m/crti.o
 .ARM.attributes
                0x0000001e       0x2c c:/program files (x86)/atmel/studio/7.0/toolchain/arm/arm-gnu-toolchain/bin/../lib/gcc/arm-none-eabi/6.3.1/thumb/v6-m/crtbegin.o
 .ARM.attributes
                0x0000004a       0x32 atmel_start.o
 .ARM.attributes
                0x0000007c       0x32 Device_Startup/startup_samd21.o
 .ARM.attributes
                0x000000ae       0x32 driver_init.o
 .ARM.attributes
                0x000000e0       0x32 hal/src/hal_atomic.o
 .ARM.attributes
                0x00000112       0x32 hal/src/hal_delay.o
 .ARM.attributes
                0x00000144       0x32 hal/src/hal_ext_irq.o
 .ARM.attributes
                0x00000176       0x32 hal/src/hal_i2c_m_sync.o
 .ARM.attributes
                0x000001a8       0x32 hal/src/hal_io.o
 .ARM.attributes
                0x000001da       0x32 hal/src/hal_pwm.o
 .ARM.attributes
                0x0000020c       0x32 hal/src/hal_timer.o
 .ARM.attributes
                0x0000023e       0x32 hal/src/hal_usart_sync.o
 .ARM.attributes
                0x00000270       0x32 hal/utils/src/utils_assert.o
 .ARM.attributes
                0x000002a2       0x32 hal/utils/src/utils_list.o
 .ARM.attributes
                0x000002d4       0x32 hal/utils/src/utils_syscalls.o
 .ARM.attributes
                0x00000306       0x32 hpl/core/hpl_core_m0plus_base.o
 .ARM.attributes
                0x00000338       0x32 hpl/core/hpl_init.o
 .ARM.attributes
                0x0000036a       0x32 hpl/eic/hpl_eic.o
 .ARM.attributes
                0x0000039c       0x32 hpl/gclk/hpl_gclk.o
 .ARM.attributes
                0x000003ce       0x32 hpl/pm/hpl_pm.o
 .ARM.attributes
                0x00000400       0x32 hpl/sercom/hpl_sercom.o
 .ARM.attributes
                0x00000432       0x32 hpl/sysctrl/hpl_sysctrl.o
 .ARM.attributes
                0x00000464       0x32 hpl/systick/hpl_systick.o
 .ARM.attributes
                0x00000496       0x32 hpl/tc/hpl_tc.o
 .ARM.attributes
                0x000004c8       0x32 lib/beep.o
 .ARM.attributes
                0x000004fa       0x32 lib/i2c_ext_lib.o
 .ARM.attributes
                0x0000052c       0x32 lib/i2c_lib.o
 .ARM.attributes
                0x0000055e       0x32 lib/lcd_lib.o
 .ARM.attributes
                0x00000590       0x32 lib/sonner.o
 .ARM.attributes
                0x000005c2       0x32 main.o
 .ARM.attributes
                0x000005f4       0x32 stdio_redirect/gcc/read.o
 .ARM.attributes
                0x00000626       0x32 stdio_redirect/gcc/write.o
 .ARM.attributes
                0x00000658       0x32 stdio_redirect/stdio_io.o
 .ARM.attributes
                0x0000068a       0x32 stdio_start.o
 .ARM.attributes
                0x000006bc       0x1e c:/program files (x86)/atmel/studio/7.0/toolchain/arm/arm-gnu-toolchain/bin/../lib/gcc/arm-none-eabi/6.3.1/thumb/v6-m\libgcc.a(_udivsi3.o)
 .ARM.attributes
                0x000006da       0x1e c:/program files (x86)/atmel/studio/7.0/toolchain/arm/arm-gnu-toolchain/bin/../lib/gcc/arm-none-eabi/6.3.1/thumb/v6-m\libgcc.a(_divsi3.o)
 .ARM.attributes
                0x000006f8       0x1e c:/program files (x86)/atmel/studio/7.0/toolchain/arm/arm-gnu-toolchain/bin/../lib/gcc/arm-none-eabi/6.3.1/thumb/v6-m\libgcc.a(_dvmd_tls.o)
 .ARM.attributes
                0x00000716       0x2c c:/program files (x86)/atmel/studio/7.0/toolchain/arm/arm-gnu-toolchain/bin/../lib/gcc/arm-none-eabi/6.3.1/thumb/v6-m\libgcc.a(_ffssi2.o)
 .ARM.attributes
                0x00000742       0x2c c:/program files (x86)/atmel/studio/7.0/toolchain/arm/arm-gnu-toolchain/bin/../lib/gcc/arm-none-eabi/6.3.1/thumb/v6-m\libgcc.a(muldf3.o)
 .ARM.attributes
                0x0000076e       0x2c c:/program files (x86)/atmel/studio/7.0/toolchain/arm/arm-gnu-toolchain/bin/../lib/gcc/arm-none-eabi/6.3.1/thumb/v6-m\libgcc.a(fixdfsi.o)
 .ARM.attributes
                0x0000079a       0x2c c:/program files (x86)/atmel/studio/7.0/toolchain/arm/arm-gnu-toolchain/bin/../lib/gcc/arm-none-eabi/6.3.1/thumb/v6-m\libgcc.a(floatsidf.o)
 .ARM.attributes
                0x000007c6       0x1e c:/program files (x86)/atmel/studio/7.0/toolchain/arm/arm-gnu-toolchain/bin/../lib/gcc/arm-none-eabi/6.3.1/thumb/v6-m\libgcc.a(_clzsi2.o)
 .ARM.attributes
                0x000007e4       0x1e c:/program files (x86)/atmel/studio/7.0/toolchain/arm/arm-gnu-toolchain/bin/../lib/gcc/arm-none-eabi/6.3.1/thumb/v6-m\libgcc.a(_ctzsi2.o)
 .ARM.attributes
                0x00000802       0x2c c:/program files (x86)/atmel/studio/7.0/toolchain/arm/arm-gnu-toolchain/bin/../lib/gcc/arm-none-eabi/6.3.1/../../../../arm-none-eabi/lib/thumb/v6-m\libc_nano.a(lib_a-impure.o)
 .ARM.attributes
                0x0000082e       0x2c c:/program files (x86)/atmel/studio/7.0/toolchain/arm/arm-gnu-toolchain/bin/../lib/gcc/arm-none-eabi/6.3.1/../../../../arm-none-eabi/lib/thumb/v6-m\libc_nano.a(lib_a-init.o)
 .ARM.attributes
                0x0000085a       0x2c c:/program files (x86)/atmel/studio/7.0/toolchain/arm/arm-gnu-toolchain/bin/../lib/gcc/arm-none-eabi/6.3.1/../../../../arm-none-eabi/lib/thumb/v6-m\libc_nano.a(lib_a-malloc.o)
 .ARM.attributes
                0x00000886       0x2c c:/program files (x86)/atmel/studio/7.0/toolchain/arm/arm-gnu-toolchain/bin/../lib/gcc/arm-none-eabi/6.3.1/../../../../arm-none-eabi/lib/thumb/v6-m\libc_nano.a(lib_a-memcpy-stub.o)
 .ARM.attributes
                0x000008b2       0x2c c:/program files (x86)/atmel/studio/7.0/toolchain/arm/arm-gnu-toolchain/bin/../lib/gcc/arm-none-eabi/6.3.1/../../../../arm-none-eabi/lib/thumb/v6-m\libc_nano.a(lib_a-memset.o)
 .ARM.attributes
                0x000008de       0x2c c:/program files (x86)/atmel/studio/7.0/toolchain/arm/arm-gnu-toolchain/bin/../lib/gcc/arm-none-eabi/6.3.1/../../../../arm-none-eabi/lib/thumb/v6-m\libc_nano.a(lib_a-nano-freer.o)
 .ARM.attributes
                0x0000090a       0x2c c:/program files (x86)/atmel/studio/7.0/toolchain/arm/arm-gnu-toolchain/bin/../lib/gcc/arm-none-eabi/6.3.1/../../../../arm-none-eabi/lib/thumb/v6-m\libc_nano.a(lib_a-nano-mallocr.o)
 .ARM.attributes
                0x00000936       0x2c c:/program files (x86)/atmel/studio/7.0/toolchain/arm/arm-gnu-toolchain/bin/../lib/gcc/arm-none-eabi/6.3.1/../../../../arm-none-eabi/lib/thumb/v6-m\libc_nano.a(lib_a-puts.o)
 .ARM.attributes
                0x00000962       0x2c c:/program files (x86)/atmel/studio/7.0/toolchain/arm/arm-gnu-toolchain/bin/../lib/gcc/arm-none-eabi/6.3.1/../../../../arm-none-eabi/lib/thumb/v6-m\libc_nano.a(lib_a-rget.o)
 .ARM.attributes
                0x0000098e       0x2c c:/program files (x86)/atmel/studio/7.0/toolchain/arm/arm-gnu-toolchain/bin/../lib/gcc/arm-none-eabi/6.3.1/../../../../arm-none-eabi/lib/thumb/v6-m\libc_nano.a(lib_a-sbrkr.o)
 .ARM.attributes
                0x000009ba       0x2c c:/program files (x86)/atmel/studio/7.0/toolchain/arm/arm-gnu-toolchain/bin/../lib/gcc/arm-none-eabi/6.3.1/../../../../arm-none-eabi/lib/thumb/v6-m\libc_nano.a(lib_a-setbuf.o)
 .ARM.attributes
                0x000009e6       0x2c c:/program files (x86)/atmel/studio/7.0/toolchain/arm/arm-gnu-toolchain/bin/../lib/gcc/arm-none-eabi/6.3.1/../../../../arm-none-eabi/lib/thumb/v6-m\libc_nano.a(lib_a-setvbuf.o)
 .ARM.attributes
                0x00000a12       0x2c c:/program files (x86)/atmel/studio/7.0/toolchain/arm/arm-gnu-toolchain/bin/../lib/gcc/arm-none-eabi/6.3.1/../../../../arm-none-eabi/lib/thumb/v6-m\libc_nano.a(lib_a-sprintf.o)
 .ARM.attributes
                0x00000a3e       0x1c c:/program files (x86)/atmel/studio/7.0/toolchain/arm/arm-gnu-toolchain/bin/../lib/gcc/arm-none-eabi/6.3.1/../../../../arm-none-eabi/lib/thumb/v6-m\libc_nano.a(lib_a-strlen.o)
 .ARM.attributes
                0x00000a5a       0x2c c:/program files (x86)/atmel/studio/7.0/toolchain/arm/arm-gnu-toolchain/bin/../lib/gcc/arm-none-eabi/6.3.1/../../../../arm-none-eabi/lib/thumb/v6-m\libc_nano.a(lib_a-wbuf.o)
 .ARM.attributes
                0x00000a86       0x2c c:/program files (x86)/atmel/studio/7.0/toolchain/arm/arm-gnu-toolchain/bin/../lib/gcc/arm-none-eabi/6.3.1/../../../../arm-none-eabi/lib/thumb/v6-m\libc_nano.a(lib_a-wsetup.o)
 .ARM.attributes
                0x00000ab2       0x2c c:/program files (x86)/atmel/studio/7.0/toolchain/arm/arm-gnu-toolchain/bin/../lib/gcc/arm-none-eabi/6.3.1/../../../../arm-none-eabi/lib/thumb/v6-m\libc_nano.a(lib_a-fflush.o)
 .ARM.attributes
                0x00000ade       0x2c c:/program files (x86)/atmel/studio/7.0/toolchain/arm/arm-gnu-toolchain/bin/../lib/gcc/arm-none-eabi/6.3.1/../../../../arm-none-eabi/lib/thumb/v6-m\libc_nano.a(lib_a-findfp.o)
 .ARM.attributes
                0x00000b0a       0x2c c:/program files (x86)/atmel/studio/7.0/toolchain/arm/arm-gnu-toolchain/bin/../lib/gcc/arm-none-eabi/6.3.1/../../../../arm-none-eabi/lib/thumb/v6-m\libc_nano.a(lib_a-fwalk.o)
 .ARM.attributes
                0x00000b36       0x2c c:/program files (x86)/atmel/studio/7.0/toolchain/arm/arm-gnu-toolchain/bin/../lib/gcc/arm-none-eabi/6.3.1/../../../../arm-none-eabi/lib/thumb/v6-m\libc_nano.a(lib_a-makebuf.o)
 .ARM.attributes
                0x00000b62       0x2c c:/program files (x86)/atmel/studio/7.0/toolchain/arm/arm-gnu-toolchain/bin/../lib/gcc/arm-none-eabi/6.3.1/../../../../arm-none-eabi/lib/thumb/v6-m\libc_nano.a(lib_a-mlock.o)
 .ARM.attributes
                0x00000b8e       0x2c c:/program files (x86)/atmel/studio/7.0/toolchain/arm/arm-gnu-toolchain/bin/../lib/gcc/arm-none-eabi/6.3.1/../../../../arm-none-eabi/lib/thumb/v6-m\libc_nano.a(lib_a-nano-svfprintf.o)
 .ARM.attributes
                0x00000bba       0x2c c:/program files (x86)/atmel/studio/7.0/toolchain/arm/arm-gnu-toolchain/bin/../lib/gcc/arm-none-eabi/6.3.1/../../../../arm-none-eabi/lib/thumb/v6-m\libc_nano.a(lib_a-nano-vfprintf_i.o)
 .ARM.attributes
                0x00000be6       0x2c c:/program files (x86)/atmel/studio/7.0/toolchain/arm/arm-gnu-toolchain/bin/../lib/gcc/arm-none-eabi/6.3.1/../../../../arm-none-eabi/lib/thumb/v6-m\libc_nano.a(lib_a-reent.o)
 .ARM.attributes
                0x00000c12       0x2c c:/program files (x86)/atmel/studio/7.0/toolchain/arm/arm-gnu-toolchain/bin/../lib/gcc/arm-none-eabi/6.3.1/../../../../arm-none-eabi/lib/thumb/v6-m\libc_nano.a(lib_a-refill.o)
 .ARM.attributes
                0x00000c3e       0x2c c:/program files (x86)/atmel/studio/7.0/toolchain/arm/arm-gnu-toolchain/bin/../lib/gcc/arm-none-eabi/6.3.1/../../../../arm-none-eabi/lib/thumb/v6-m\libc_nano.a(lib_a-stdio.o)
 .ARM.attributes
                0x00000c6a       0x2c c:/program files (x86)/atmel/studio/7.0/toolchain/arm/arm-gnu-toolchain/bin/../lib/gcc/arm-none-eabi/6.3.1/../../../../arm-none-eabi/lib/thumb/v6-m\libc_nano.a(lib_a-writer.o)
 .ARM.attributes
                0x00000c96       0x2c c:/program files (x86)/atmel/studio/7.0/toolchain/arm/arm-gnu-toolchain/bin/../lib/gcc/arm-none-eabi/6.3.1/../../../../arm-none-eabi/lib/thumb/v6-m\libc_nano.a(lib_a-closer.o)
 .ARM.attributes
                0x00000cc2       0x2c c:/program files (x86)/atmel/studio/7.0/toolchain/arm/arm-gnu-toolchain/bin/../lib/gcc/arm-none-eabi/6.3.1/../../../../arm-none-eabi/lib/thumb/v6-m\libc_nano.a(lib_a-fstatr.o)
 .ARM.attributes
                0x00000cee       0x2c c:/program files (x86)/atmel/studio/7.0/toolchain/arm/arm-gnu-toolchain/bin/../lib/gcc/arm-none-eabi/6.3.1/../../../../arm-none-eabi/lib/thumb/v6-m\libc_nano.a(lib_a-isattyr.o)
 .ARM.attributes
                0x00000d1a       0x2c c:/program files (x86)/atmel/studio/7.0/toolchain/arm/arm-gnu-toolchain/bin/../lib/gcc/arm-none-eabi/6.3.1/../../../../arm-none-eabi/lib/thumb/v6-m\libc_nano.a(lib_a-lseekr.o)
 .ARM.attributes
                0x00000d46       0x2c c:/program files (x86)/atmel/studio/7.0/toolchain/arm/arm-gnu-toolchain/bin/../lib/gcc/arm-none-eabi/6.3.1/../../../../arm-none-eabi/lib/thumb/v6-m\libc_nano.a(lib_a-memchr-stub.o)
 .ARM.attributes
                0x00000d72       0x2c c:/program files (x86)/atmel/studio/7.0/toolchain/arm/arm-gnu-toolchain/bin/../lib/gcc/arm-none-eabi/6.3.1/../../../../arm-none-eabi/lib/thumb/v6-m\libc_nano.a(lib_a-memmove.o)
 .ARM.attributes
                0x00000d9e       0x2c c:/program files (x86)/atmel/studio/7.0/toolchain/arm/arm-gnu-toolchain/bin/../lib/gcc/arm-none-eabi/6.3.1/../../../../arm-none-eabi/lib/thumb/v6-m\libc_nano.a(lib_a-nano-reallocr.o)
 .ARM.attributes
                0x00000dca       0x2c c:/program files (x86)/atmel/studio/7.0/toolchain/arm/arm-gnu-toolchain/bin/../lib/gcc/arm-none-eabi/6.3.1/../../../../arm-none-eabi/lib/thumb/v6-m\libc_nano.a(lib_a-readr.o)
 .ARM.attributes
                0x00000df6       0x2c c:/program files (x86)/atmel/studio/7.0/toolchain/arm/arm-gnu-toolchain/bin/../lib/gcc/arm-none-eabi/6.3.1/../../../../arm-none-eabi/lib/thumb/v6-m\libc_nano.a(lib_a-nano-msizer.o)
 .ARM.attributes
                0x00000e22       0x1e c:/program files (x86)/atmel/studio/7.0/toolchain/arm/arm-gnu-toolchain/bin/../lib/gcc/arm-none-eabi/6.3.1/thumb/v6-m/crtn.o

.comment        0x00000000       0x59
 .comment       0x00000000       0x59 atmel_start.o
                                 0x5a (size before relaxing)
 .comment       0x00000059       0x5a Device_Startup/startup_samd21.o
 .comment       0x00000059       0x5a driver_init.o
 .comment       0x00000059       0x5a hal/src/hal_atomic.o
 .comment       0x00000059       0x5a hal/src/hal_delay.o
 .comment       0x00000059       0x5a hal/src/hal_ext_irq.o
 .comment       0x00000059       0x5a hal/src/hal_i2c_m_sync.o
 .comment       0x00000059       0x5a hal/src/hal_io.o
 .comment       0x00000059       0x5a hal/src/hal_pwm.o
 .comment       0x00000059       0x5a hal/src/hal_timer.o
 .comment       0x00000059       0x5a hal/src/hal_usart_sync.o
 .comment       0x00000059       0x5a hal/utils/src/utils_assert.o
 .comment       0x00000059       0x5a hal/utils/src/utils_list.o
 .comment       0x00000059       0x5a hal/utils/src/utils_syscalls.o
 .comment       0x00000059       0x5a hpl/core/hpl_core_m0plus_base.o
 .comment       0x00000059       0x5a hpl/core/hpl_init.o
 .comment       0x00000059       0x5a hpl/eic/hpl_eic.o
 .comment       0x00000059       0x5a hpl/gclk/hpl_gclk.o
 .comment       0x00000059       0x5a hpl/pm/hpl_pm.o
 .comment       0x00000059       0x5a hpl/sercom/hpl_sercom.o
 .comment       0x00000059       0x5a hpl/sysctrl/hpl_sysctrl.o
 .comment       0x00000059       0x5a hpl/systick/hpl_systick.o
 .comment       0x00000059       0x5a hpl/tc/hpl_tc.o
 .comment       0x00000059       0x5a lib/beep.o
 .comment       0x00000059       0x5a lib/i2c_ext_lib.o
 .comment       0x00000059       0x5a lib/i2c_lib.o
 .comment       0x00000059       0x5a lib/lcd_lib.o
 .comment       0x00000059       0x5a lib/sonner.o
 .comment       0x00000059       0x5a main.o
 .comment       0x00000059       0x5a stdio_redirect/gcc/read.o
 .comment       0x00000059       0x5a stdio_redirect/gcc/write.o
 .comment       0x00000059       0x5a stdio_redirect/stdio_io.o
 .comment       0x00000059       0x5a stdio_start.o

.debug_info     0x00000000    0x324a6
 .debug_info    0x00000000      0xe5c atmel_start.o
 .debug_info    0x00000e5c     0x3a28 Device_Startup/startup_samd21.o
 .debug_info    0x00004884     0x95cc driver_init.o
 .debug_info    0x0000de50      0x1d1 hal/src/hal_atomic.o
 .debug_info    0x0000e021      0x1dc hal/src/hal_delay.o
 .debug_info    0x0000e1fd      0x36f hal/src/hal_ext_irq.o
 .debug_info    0x0000e56c      0x878 hal/src/hal_i2c_m_sync.o
 .debug_info    0x0000ede4      0x2b2 hal/src/hal_io.o
 .debug_info    0x0000f096      0x7ad hal/src/hal_pwm.o
 .debug_info    0x0000f843      0xbb7 hal/src/hal_timer.o
 .debug_info    0x000103fa      0xc56 hal/src/hal_usart_sync.o
 .debug_info    0x00011050      0x107 hal/utils/src/utils_assert.o
 .debug_info    0x00011157      0x310 hal/utils/src/utils_list.o
 .debug_info    0x00011467      0xdca hal/utils/src/utils_syscalls.o
 .debug_info    0x00012231      0x7f5 hpl/core/hpl_core_m0plus_base.o
 .debug_info    0x00012a26      0x677 hpl/core/hpl_init.o
 .debug_info    0x0001309d     0x1fbe hpl/eic/hpl_eic.o
 .debug_info    0x0001505b      0x4e1 hpl/gclk/hpl_gclk.o
 .debug_info    0x0001553c      0xc6d hpl/pm/hpl_pm.o
 .debug_info    0x000161a9     0xb35e hpl/sercom/hpl_sercom.o
 .debug_info    0x00021507     0x1452 hpl/sysctrl/hpl_sysctrl.o
 .debug_info    0x00022959      0x276 hpl/systick/hpl_systick.o
 .debug_info    0x00022bcf     0x2b9b hpl/tc/hpl_tc.o
 .debug_info    0x0002576a      0xf1f lib/beep.o
 .debug_info    0x00026689      0xd2e lib/i2c_ext_lib.o
 .debug_info    0x000273b7     0x10e6 lib/i2c_lib.o
 .debug_info    0x0002849d     0x2106 lib/lcd_lib.o
 .debug_info    0x0002a5a3     0x377a lib/sonner.o
 .debug_info    0x0002dd1d     0x1892 main.o
 .debug_info    0x0002f5af      0xa34 stdio_redirect/gcc/read.o
 .debug_info    0x0002ffe3      0xa34 stdio_redirect/gcc/write.o
 .debug_info    0x00030a17      0xbe2 stdio_redirect/stdio_io.o
 .debug_info    0x000315f9      0xead stdio_start.o

.debug_abbrev   0x00000000     0x4ab8
 .debug_abbrev  0x00000000      0x1b4 atmel_start.o
 .debug_abbrev  0x000001b4      0x234 Device_Startup/startup_samd21.o
 .debug_abbrev  0x000003e8      0x37b driver_init.o
 .debug_abbrev  0x00000763      0x144 hal/src/hal_atomic.o
 .debug_abbrev  0x000008a7       0xe1 hal/src/hal_delay.o
 .debug_abbrev  0x00000988      0x168 hal/src/hal_ext_irq.o
 .debug_abbrev  0x00000af0      0x1a6 hal/src/hal_i2c_m_sync.o
 .debug_abbrev  0x00000c96      0x115 hal/src/hal_io.o
 .debug_abbrev  0x00000dab      0x180 hal/src/hal_pwm.o
 .debug_abbrev  0x00000f2b      0x221 hal/src/hal_timer.o
 .debug_abbrev  0x0000114c      0x217 hal/src/hal_usart_sync.o
 .debug_abbrev  0x00001363       0x86 hal/utils/src/utils_assert.o
 .debug_abbrev  0x000013e9      0x159 hal/utils/src/utils_list.o
 .debug_abbrev  0x00001542      0x269 hal/utils/src/utils_syscalls.o
 .debug_abbrev  0x000017ab      0x2af hpl/core/hpl_core_m0plus_base.o
 .debug_abbrev  0x00001a5a      0x1cc hpl/core/hpl_init.o
 .debug_abbrev  0x00001c26      0x3d8 hpl/eic/hpl_eic.o
 .debug_abbrev  0x00001ffe      0x1c3 hpl/gclk/hpl_gclk.o
 .debug_abbrev  0x000021c1      0x211 hpl/pm/hpl_pm.o
 .debug_abbrev  0x000023d2      0x58f hpl/sercom/hpl_sercom.o
 .debug_abbrev  0x00002961      0x20c hpl/sysctrl/hpl_sysctrl.o
 .debug_abbrev  0x00002b6d      0x185 hpl/systick/hpl_systick.o
 .debug_abbrev  0x00002cf2      0x548 hpl/tc/hpl_tc.o
 .debug_abbrev  0x0000323a      0x20c lib/beep.o
 .debug_abbrev  0x00003446      0x22e lib/i2c_ext_lib.o
 .debug_abbrev  0x00003674      0x230 lib/i2c_lib.o
 .debug_abbrev  0x000038a4      0x37d lib/lcd_lib.o
 .debug_abbrev  0x00003c21      0x403 lib/sonner.o
 .debug_abbrev  0x00004024      0x2b9 main.o
 .debug_abbrev  0x000042dd      0x1e8 stdio_redirect/gcc/read.o
 .debug_abbrev  0x000044c5      0x1e8 stdio_redirect/gcc/write.o
 .debug_abbrev  0x000046ad      0x229 stdio_redirect/stdio_io.o
 .debug_abbrev  0x000048d6      0x1e2 stdio_start.o

.debug_loc      0x00000000     0xe447
 .debug_loc     0x00000000       0x20 atmel_start.o
 .debug_loc     0x00000020       0x40 Device_Startup/startup_samd21.o
 .debug_loc     0x00000060      0xda8 driver_init.o
 .debug_loc     0x00000e08       0x13 hal/src/hal_atomic.o
 .debug_loc     0x00000e1b       0xc3 hal/src/hal_delay.o
 .debug_loc     0x00000ede      0x39d hal/src/hal_ext_irq.o
 .debug_loc     0x0000127b      0x6df hal/src/hal_i2c_m_sync.o
 .debug_loc     0x0000195a      0x18a hal/src/hal_io.o
 .debug_loc     0x00001ae4      0x3f7 hal/src/hal_pwm.o
 .debug_loc     0x00001edb      0x761 hal/src/hal_timer.o
 .debug_loc     0x0000263c      0x9b2 hal/src/hal_usart_sync.o
 .debug_loc     0x00002fee      0x271 hal/utils/src/utils_list.o
 .debug_loc     0x0000325f      0x13b hal/utils/src/utils_syscalls.o
 .debug_loc     0x0000339a      0x1d7 hpl/core/hpl_core_m0plus_base.o
 .debug_loc     0x00003571       0x4c hpl/core/hpl_init.o
 .debug_loc     0x000035bd      0x562 hpl/eic/hpl_eic.o
 .debug_loc     0x00003b1f       0xa3 hpl/gclk/hpl_gclk.o
 .debug_loc     0x00003bc2      0x11b hpl/pm/hpl_pm.o
 .debug_loc     0x00003cdd     0x8021 hpl/sercom/hpl_sercom.o
 .debug_loc     0x0000bcfe      0x160 hpl/sysctrl/hpl_sysctrl.o
 .debug_loc     0x0000be5e      0x10e hpl/systick/hpl_systick.o
 .debug_loc     0x0000bf6c     0x11b0 hpl/tc/hpl_tc.o
 .debug_loc     0x0000d11c       0x6f lib/beep.o
 .debug_loc     0x0000d18b      0x1fc lib/i2c_ext_lib.o
 .debug_loc     0x0000d387      0x3b2 lib/i2c_lib.o
 .debug_loc     0x0000d739      0x438 lib/lcd_lib.o
 .debug_loc     0x0000db71      0x409 lib/sonner.o
 .debug_loc     0x0000df7a      0x176 main.o
 .debug_loc     0x0000e0f0       0xe8 stdio_redirect/gcc/read.o
 .debug_loc     0x0000e1d8       0xdc stdio_redirect/gcc/write.o
 .debug_loc     0x0000e2b4      0x153 stdio_redirect/stdio_io.o
 .debug_loc     0x0000e407       0x40 stdio_start.o

.debug_aranges  0x00000000      0xd98
 .debug_aranges
                0x00000000       0x20 atmel_start.o
 .debug_aranges
                0x00000020       0x28 Device_Startup/startup_samd21.o
 .debug_aranges
                0x00000048       0x90 driver_init.o
 .debug_aranges
                0x000000d8       0x30 hal/src/hal_atomic.o
 .debug_aranges
                0x00000108       0x38 hal/src/hal_delay.o
 .debug_aranges
                0x00000140       0x50 hal/src/hal_ext_irq.o
 .debug_aranges
                0x00000190       0x88 hal/src/hal_i2c_m_sync.o
 .debug_aranges
                0x00000218       0x30 hal/src/hal_io.o
 .debug_aranges
                0x00000248       0x60 hal/src/hal_pwm.o
 .debug_aranges
                0x000002a8       0x70 hal/src/hal_timer.o
 .debug_aranges
                0x00000318       0xa8 hal/src/hal_usart_sync.o
 .debug_aranges
                0x000003c0       0x20 hal/utils/src/utils_assert.o
 .debug_aranges
                0x000003e0       0x48 hal/utils/src/utils_list.o
 .debug_aranges
                0x00000428       0x60 hal/utils/src/utils_syscalls.o
 .debug_aranges
                0x00000488       0x70 hpl/core/hpl_core_m0plus_base.o
 .debug_aranges
                0x000004f8       0x20 hpl/core/hpl_init.o
 .debug_aranges
                0x00000518       0x38 hpl/eic/hpl_eic.o
 .debug_aranges
                0x00000550       0x28 hpl/gclk/hpl_gclk.o
 .debug_aranges
                0x00000578       0x30 hpl/pm/hpl_pm.o
 .debug_aranges
                0x000005a8      0x4c8 hpl/sercom/hpl_sercom.o
 .debug_aranges
                0x00000a70       0x28 hpl/sysctrl/hpl_sysctrl.o
 .debug_aranges
                0x00000a98       0x48 hpl/systick/hpl_systick.o
 .debug_aranges
                0x00000ae0       0xd8 hpl/tc/hpl_tc.o
 .debug_aranges
                0x00000bb8       0x20 lib/beep.o
 .debug_aranges
                0x00000bd8       0x28 lib/i2c_ext_lib.o
 .debug_aranges
                0x00000c00       0x38 lib/i2c_lib.o
 .debug_aranges
                0x00000c38       0x50 lib/lcd_lib.o
 .debug_aranges
                0x00000c88       0x38 lib/sonner.o
 .debug_aranges
                0x00000cc0       0x38 main.o
 .debug_aranges
                0x00000cf8       0x20 stdio_redirect/gcc/read.o
 .debug_aranges
                0x00000d18       0x20 stdio_redirect/gcc/write.o
 .debug_aranges
                0x00000d38       0x38 stdio_redirect/stdio_io.o
 .debug_aranges
                0x00000d70       0x28 stdio_start.o

.debug_ranges   0x00000000     0x1348
 .debug_ranges  0x00000000       0x10 atmel_start.o
 .debug_ranges  0x00000010       0x18 Device_Startup/startup_samd21.o
 .debug_ranges  0x00000028       0x80 driver_init.o
 .debug_ranges  0x000000a8       0x20 hal/src/hal_atomic.o
 .debug_ranges  0x000000c8       0x28 hal/src/hal_delay.o
 .debug_ranges  0x000000f0       0x60 hal/src/hal_ext_irq.o
 .debug_ranges  0x00000150       0x78 hal/src/hal_i2c_m_sync.o
 .debug_ranges  0x000001c8       0x20 hal/src/hal_io.o
 .debug_ranges  0x000001e8       0x50 hal/src/hal_pwm.o
 .debug_ranges  0x00000238       0xa8 hal/src/hal_timer.o
 .debug_ranges  0x000002e0       0x98 hal/src/hal_usart_sync.o
 .debug_ranges  0x00000378       0x10 hal/utils/src/utils_assert.o
 .debug_ranges  0x00000388       0x58 hal/utils/src/utils_list.o
 .debug_ranges  0x000003e0       0x50 hal/utils/src/utils_syscalls.o
 .debug_ranges  0x00000430       0x60 hpl/core/hpl_core_m0plus_base.o
 .debug_ranges  0x00000490       0x10 hpl/core/hpl_init.o
 .debug_ranges  0x000004a0       0x48 hpl/eic/hpl_eic.o
 .debug_ranges  0x000004e8       0x18 hpl/gclk/hpl_gclk.o
 .debug_ranges  0x00000500       0x20 hpl/pm/hpl_pm.o
 .debug_ranges  0x00000520      0x9f8 hpl/sercom/hpl_sercom.o
 .debug_ranges  0x00000f18       0x30 hpl/sysctrl/hpl_sysctrl.o
 .debug_ranges  0x00000f48       0x38 hpl/systick/hpl_systick.o
 .debug_ranges  0x00000f80      0x180 hpl/tc/hpl_tc.o
 .debug_ranges  0x00001100       0x10 lib/beep.o
 .debug_ranges  0x00001110       0x18 lib/i2c_ext_lib.o
 .debug_ranges  0x00001128       0x28 lib/i2c_lib.o
 .debug_ranges  0x00001150      0x108 lib/lcd_lib.o
 .debug_ranges  0x00001258       0x28 lib/sonner.o
 .debug_ranges  0x00001280       0x68 main.o
 .debug_ranges  0x000012e8       0x10 stdio_redirect/gcc/read.o
 .debug_ranges  0x000012f8       0x10 stdio_redirect/gcc/write.o
 .debug_ranges  0x00001308       0x28 stdio_redirect/stdio_io.o
 .debug_ranges  0x00001330       0x18 stdio_start.o

.debug_macro    0x00000000    0x1f27c
 .debug_macro   0x00000000      0x6e8 atmel_start.o
 .debug_macro   0x000006e8      0x89e atmel_start.o
 .debug_macro   0x00000f86      0x16d atmel_start.o
 .debug_macro   0x000010f3       0x22 atmel_start.o
 .debug_macro   0x00001115       0x87 atmel_start.o
 .debug_macro   0x0000119c       0x51 atmel_start.o
 .debug_macro   0x000011ed       0xef atmel_start.o
 .debug_macro   0x000012dc       0x6a atmel_start.o
 .debug_macro   0x00001346      0x1df atmel_start.o
 .debug_macro   0x00001525       0x22 atmel_start.o
 .debug_macro   0x00001547       0x3f atmel_start.o
 .debug_macro   0x00001586       0x1c atmel_start.o
 .debug_macro   0x000015a2       0x22 atmel_start.o
 .debug_macro   0x000015c4       0xb5 atmel_start.o
 .debug_macro   0x00001679      0x3ad atmel_start.o
 .debug_macro   0x00001a26      0x67e atmel_start.o
 .debug_macro   0x000020a4      0x8b1 atmel_start.o
 .debug_macro   0x00002955      0x22e atmel_start.o
 .debug_macro   0x00002b83      0xd5c atmel_start.o
 .debug_macro   0x000038df      0x4dc atmel_start.o
 .debug_macro   0x00003dbb      0x9f6 atmel_start.o
 .debug_macro   0x000047b1      0x82b atmel_start.o
 .debug_macro   0x00004fdc      0x45f atmel_start.o
 .debug_macro   0x0000543b       0x5e atmel_start.o
 .debug_macro   0x00005499      0x8f9 atmel_start.o
 .debug_macro   0x00005d92      0x21c atmel_start.o
 .debug_macro   0x00005fae      0x735 atmel_start.o
 .debug_macro   0x000066e3       0x5e atmel_start.o
 .debug_macro   0x00006741      0x632 atmel_start.o
 .debug_macro   0x00006d73      0x3ac atmel_start.o
 .debug_macro   0x0000711f      0xc76 atmel_start.o
 .debug_macro   0x00007d95     0x1092 atmel_start.o
 .debug_macro   0x00008e27      0xc4a atmel_start.o
 .debug_macro   0x00009a71      0x6ba atmel_start.o
 .debug_macro   0x0000a12b     0x1b3d atmel_start.o
 .debug_macro   0x0000bc68     0x143c atmel_start.o
 .debug_macro   0x0000d0a4      0x340 atmel_start.o
 .debug_macro   0x0000d3e4       0x7c atmel_start.o
 .debug_macro   0x0000d460       0xa0 atmel_start.o
 .debug_macro   0x0000d500       0x4c atmel_start.o
 .debug_macro   0x0000d54c       0xca atmel_start.o
 .debug_macro   0x0000d616       0x94 atmel_start.o
 .debug_macro   0x0000d6aa       0x58 atmel_start.o
 .debug_macro   0x0000d702      0x341 atmel_start.o
 .debug_macro   0x0000da43       0x82 atmel_start.o
 .debug_macro   0x0000dac5      0x189 atmel_start.o
 .debug_macro   0x0000dc4e       0xb8 atmel_start.o
 .debug_macro   0x0000dd06       0xa0 atmel_start.o
 .debug_macro   0x0000dda6       0xb2 atmel_start.o
 .debug_macro   0x0000de58       0x1c atmel_start.o
 .debug_macro   0x0000de74       0x1c atmel_start.o
 .debug_macro   0x0000de90       0x1c atmel_start.o
 .debug_macro   0x0000deac       0x7c atmel_start.o
 .debug_macro   0x0000df28      0x15a atmel_start.o
 .debug_macro   0x0000e082       0x10 atmel_start.o
 .debug_macro   0x0000e092       0xdc atmel_start.o
 .debug_macro   0x0000e16e      0x124 atmel_start.o
 .debug_macro   0x0000e292      0x124 atmel_start.o
 .debug_macro   0x0000e3b6      0x124 atmel_start.o
 .debug_macro   0x0000e4da      0x124 atmel_start.o
 .debug_macro   0x0000e5fe      0x124 atmel_start.o
 .debug_macro   0x0000e722      0x124 atmel_start.o
 .debug_macro   0x0000e846      0x124 atmel_start.o
 .debug_macro   0x0000e96a       0xe2 atmel_start.o
 .debug_macro   0x0000ea4c       0xe2 atmel_start.o
 .debug_macro   0x0000eb2e       0xe2 atmel_start.o
 .debug_macro   0x0000ec10       0xe2 atmel_start.o
 .debug_macro   0x0000ecf2       0xe2 atmel_start.o
 .debug_macro   0x0000edd4      0x12a atmel_start.o
 .debug_macro   0x0000eefe      0x100 atmel_start.o
 .debug_macro   0x0000effe       0xf4 atmel_start.o
 .debug_macro   0x0000f0f2      0x40f atmel_start.o
 .debug_macro   0x0000f501       0x40 atmel_start.o
 .debug_macro   0x0000f541      0x392 atmel_start.o
 .debug_macro   0x0000f8d3     0x1fb0 atmel_start.o
 .debug_macro   0x00011883       0x6d atmel_start.o
 .debug_macro   0x000118f0       0x10 atmel_start.o
 .debug_macro   0x00011900       0x10 atmel_start.o
 .debug_macro   0x00011910       0x16 atmel_start.o
 .debug_macro   0x00011926       0x16 atmel_start.o
 .debug_macro   0x0001193c       0x16 atmel_start.o
 .debug_macro   0x00011952       0x16 atmel_start.o
 .debug_macro   0x00011968       0x16 atmel_start.o
 .debug_macro   0x0001197e       0x16 atmel_start.o
 .debug_macro   0x00011994       0x16 atmel_start.o
 .debug_macro   0x000119aa       0x16 atmel_start.o
 .debug_macro   0x000119c0       0x16 atmel_start.o
 .debug_macro   0x000119d6       0x16 atmel_start.o
 .debug_macro   0x000119ec       0x16 atmel_start.o
 .debug_macro   0x00011a02       0x16 atmel_start.o
 .debug_macro   0x00011a18       0x16 atmel_start.o
 .debug_macro   0x00011a2e       0x16 atmel_start.o
 .debug_macro   0x00011a44      0x4c3 atmel_start.o
 .debug_macro   0x00011f07       0x94 atmel_start.o
 .debug_macro   0x00011f9b       0x16 atmel_start.o
 .debug_macro   0x00011fb1       0x6a atmel_start.o
 .debug_macro   0x0001201b      0x28c atmel_start.o
 .debug_macro   0x000122a7      0x4d8 atmel_start.o
 .debug_macro   0x0001277f       0x16 atmel_start.o
 .debug_macro   0x00012795       0xca atmel_start.o
 .debug_macro   0x0001285f       0x1c atmel_start.o
 .debug_macro   0x0001287b       0x16 atmel_start.o
 .debug_macro   0x00012891       0x6a atmel_start.o
 .debug_macro   0x000128fb       0x70 atmel_start.o
 .debug_macro   0x0001296b       0x58 atmel_start.o
 .debug_macro   0x000129c3       0x35 atmel_start.o
 .debug_macro   0x000129f8       0x9c atmel_start.o
 .debug_macro   0x00012a94       0x16 atmel_start.o
 .debug_macro   0x00012aaa       0x35 atmel_start.o
 .debug_macro   0x00012adf      0x34d atmel_start.o
 .debug_macro   0x00012e2c       0x10 atmel_start.o
 .debug_macro   0x00012e3c       0x58 atmel_start.o
 .debug_macro   0x00012e94       0x1f atmel_start.o
 .debug_macro   0x00012eb3       0x43 atmel_start.o
 .debug_macro   0x00012ef6       0x20 atmel_start.o
 .debug_macro   0x00012f16      0x187 atmel_start.o
 .debug_macro   0x0001309d       0x10 atmel_start.o
 .debug_macro   0x000130ad       0x1c atmel_start.o
 .debug_macro   0x000130c9       0x52 atmel_start.o
 .debug_macro   0x0001311b       0x40 atmel_start.o
 .debug_macro   0x0001315b       0x10 atmel_start.o
 .debug_macro   0x0001316b       0x40 atmel_start.o
 .debug_macro   0x000131ab       0xd7 atmel_start.o
 .debug_macro   0x00013282       0x16 atmel_start.o
 .debug_macro   0x00013298      0x18b atmel_start.o
 .debug_macro   0x00013423      0x310 Device_Startup/startup_samd21.o
 .debug_macro   0x00013733       0x39 Device_Startup/startup_samd21.o
 .debug_macro   0x0001376c      0x590 driver_init.o
 .debug_macro   0x00013cfc       0x7a driver_init.o
 .debug_macro   0x00013d76       0xc9 driver_init.o
 .debug_macro   0x00013e3f      0x43e hal/src/hal_atomic.o
 .debug_macro   0x0001427d      0x470 hal/src/hal_delay.o
 .debug_macro   0x000146ed      0x458 hal/src/hal_ext_irq.o
 .debug_macro   0x00014b45      0x479 hal/src/hal_i2c_m_sync.o
 .debug_macro   0x00014fbe       0x6a hal/src/hal_i2c_m_sync.o
 .debug_macro   0x00015028      0x451 hal/src/hal_io.o
 .debug_macro   0x00015479      0x46e hal/src/hal_pwm.o
 .debug_macro   0x000158e7      0x484 hal/src/hal_timer.o
 .debug_macro   0x00015d6b      0x478 hal/src/hal_usart_sync.o
 .debug_macro   0x000161e3      0x447 hal/utils/src/utils_assert.o
 .debug_macro   0x0001662a       0x10 hal/utils/src/utils_assert.o
 .debug_macro   0x0001663a      0x44b hal/utils/src/utils_list.o
 .debug_macro   0x00016a85      0x1d6 hal/utils/src/utils_syscalls.o
 .debug_macro   0x00016c5b       0x52 hal/utils/src/utils_syscalls.o
 .debug_macro   0x00016cad       0x8d hal/utils/src/utils_syscalls.o
 .debug_macro   0x00016d3a       0x57 hal/utils/src/utils_syscalls.o
 .debug_macro   0x00016d91       0x97 hal/utils/src/utils_syscalls.o
 .debug_macro   0x00016e28      0x353 hal/utils/src/utils_syscalls.o
 .debug_macro   0x0001717b       0xf6 hal/utils/src/utils_syscalls.o
 .debug_macro   0x00017271       0x4c hal/utils/src/utils_syscalls.o
 .debug_macro   0x000172bd       0x16 hal/utils/src/utils_syscalls.o
 .debug_macro   0x000172d3       0x10 hal/utils/src/utils_syscalls.o
 .debug_macro   0x000172e3       0x10 hal/utils/src/utils_syscalls.o
 .debug_macro   0x000172f3       0x35 hal/utils/src/utils_syscalls.o
 .debug_macro   0x00017328      0x122 hal/utils/src/utils_syscalls.o
 .debug_macro   0x0001744a      0x495 hpl/core/hpl_core_m0plus_base.o
 .debug_macro   0x000178df      0x4b8 hpl/core/hpl_init.o
 .debug_macro   0x00017d97       0x2e hpl/core/hpl_init.o
 .debug_macro   0x00017dc5      0x6ec hpl/core/hpl_init.o
 .debug_macro   0x000184b1      0x522 hpl/eic/hpl_eic.o
 .debug_macro   0x000189d3      0x241 hpl/eic/hpl_eic.o
 .debug_macro   0x00018c14      0x45a hpl/gclk/hpl_gclk.o
 .debug_macro   0x0001906e      0x1f3 hpl/gclk/hpl_gclk.o
 .debug_macro   0x00019261      0x47d hpl/pm/hpl_pm.o
 .debug_macro   0x000196de      0x67f hpl/sercom/hpl_sercom.o
 .debug_macro   0x00019d5d      0x11d hpl/sercom/hpl_sercom.o
 .debug_macro   0x00019e7a       0x10 hpl/sercom/hpl_sercom.o
 .debug_macro   0x00019e8a       0x1c hpl/sercom/hpl_sercom.o
 .debug_macro   0x00019ea6       0x22 hpl/sercom/hpl_sercom.o
 .debug_macro   0x00019ec8       0x10 hpl/sercom/hpl_sercom.o
 .debug_macro   0x00019ed8      0x454 hpl/sysctrl/hpl_sysctrl.o
 .debug_macro   0x0001a32c      0x2da hpl/sysctrl/hpl_sysctrl.o
 .debug_macro   0x0001a606      0x44b hpl/systick/hpl_systick.o
 .debug_macro   0x0001aa51       0x10 hpl/systick/hpl_systick.o
 .debug_macro   0x0001aa61      0x4bb hpl/tc/hpl_tc.o
 .debug_macro   0x0001af1c       0x10 hpl/tc/hpl_tc.o
 .debug_macro   0x0001af2c       0x75 hpl/tc/hpl_tc.o
 .debug_macro   0x0001afa1      0x100 hpl/tc/hpl_tc.o
 .debug_macro   0x0001b0a1      0x6f2 lib/beep.o
 .debug_macro   0x0001b793      0x55c lib/i2c_ext_lib.o
 .debug_macro   0x0001bcef       0x16 lib/i2c_ext_lib.o
 .debug_macro   0x0001bd05       0x16 lib/i2c_ext_lib.o
 .debug_macro   0x0001bd1b       0x29 lib/i2c_ext_lib.o
 .debug_macro   0x0001bd44      0x704 lib/i2c_lib.o
 .debug_macro   0x0001c448      0x72c lib/lcd_lib.o
 .debug_macro   0x0001cb74       0x16 lib/lcd_lib.o
 .debug_macro   0x0001cb8a       0x28 lib/lcd_lib.o
 .debug_macro   0x0001cbb2      0x6f3 lib/sonner.o
 .debug_macro   0x0001d2a5      0x77a main.o
 .debug_macro   0x0001da1f      0x599 stdio_redirect/gcc/read.o
 .debug_macro   0x0001dfb8      0x599 stdio_redirect/gcc/write.o
 .debug_macro   0x0001e551      0x593 stdio_redirect/stdio_io.o
 .debug_macro   0x0001eae4       0xaf stdio_redirect/stdio_io.o
 .debug_macro   0x0001eb93      0x6e9 stdio_start.o

.debug_line     0x00000000    0x182b4
 .debug_line    0x00000000      0xc55 atmel_start.o
 .debug_line    0x00000c55      0x709 Device_Startup/startup_samd21.o
 .debug_line    0x0000135e      0xd87 driver_init.o
 .debug_line    0x000020e5      0x986 hal/src/hal_atomic.o
 .debug_line    0x00002a6b      0x9b1 hal/src/hal_delay.o
 .debug_line    0x0000341c      0xa03 hal/src/hal_ext_irq.o
 .debug_line    0x00003e1f      0xaa1 hal/src/hal_i2c_m_sync.o
 .debug_line    0x000048c0      0x99a hal/src/hal_io.o
 .debug_line    0x0000525a      0xa3e hal/src/hal_pwm.o
 .debug_line    0x00005c98      0xb2f hal/src/hal_timer.o
 .debug_line    0x000067c7      0xb72 hal/src/hal_usart_sync.o
 .debug_line    0x00007339      0x950 hal/utils/src/utils_assert.o
 .debug_line    0x00007c89      0x9e4 hal/utils/src/utils_list.o
 .debug_line    0x0000866d      0x40b hal/utils/src/utils_syscalls.o
 .debug_line    0x00008a78      0xafb hpl/core/hpl_core_m0plus_base.o
 .debug_line    0x00009573      0xa30 hpl/core/hpl_init.o
 .debug_line    0x00009fa3      0xb40 hpl/eic/hpl_eic.o
 .debug_line    0x0000aae3      0x9aa hpl/gclk/hpl_gclk.o
 .debug_line    0x0000b48d      0x9f6 hpl/pm/hpl_pm.o
 .debug_line    0x0000be83     0x281d hpl/sercom/hpl_sercom.o
 .debug_line    0x0000e6a0      0x9e3 hpl/sysctrl/hpl_sysctrl.o
 .debug_line    0x0000f083      0x9e4 hpl/systick/hpl_systick.o
 .debug_line    0x0000fa67      0xf0c hpl/tc/hpl_tc.o
 .debug_line    0x00010973      0xc78 lib/beep.o
 .debug_line    0x000115eb      0xa68 lib/i2c_ext_lib.o
 .debug_line    0x00012053      0xcc3 lib/i2c_lib.o
 .debug_line    0x00012d16      0xec6 lib/lcd_lib.o
 .debug_line    0x00013bdc      0xceb lib/sonner.o
 .debug_line    0x000148c7      0xdf3 main.o
 .debug_line    0x000156ba      0xa79 stdio_redirect/gcc/read.o
 .debug_line    0x00016133      0xa7a stdio_redirect/gcc/write.o
 .debug_line    0x00016bad      0xa9d stdio_redirect/stdio_io.o
 .debug_line    0x0001764a      0xc6a stdio_start.o

.debug_str      0x00000000    0x8b59b
 .debug_str     0x00000000    0x7d38a atmel_start.o
                              0x7d8cc (size before relaxing)
 .debug_str     0x0007d38a     0x10b4 Device_Startup/startup_samd21.o
                              0x717b5 (size before relaxing)
 .debug_str     0x0007e43e     0x1aea driver_init.o
                              0x7c3c8 (size before relaxing)
 .debug_str     0x0007ff28       0xb7 hal/src/hal_atomic.o
                              0x79271 (size before relaxing)
 .debug_str     0x0007ffdf       0x9b hal/src/hal_delay.o
                              0x792db (size before relaxing)
 .debug_str     0x0008007a       0xcc hal/src/hal_ext_irq.o
                              0x79336 (size before relaxing)
 .debug_str     0x00080146      0x177 hal/src/hal_i2c_m_sync.o
                              0x79b74 (size before relaxing)
 .debug_str     0x000802bd       0x2c hal/src/hal_io.o
                              0x7931e (size before relaxing)
 .debug_str     0x000802e9      0x185 hal/src/hal_pwm.o
                              0x79a0e (size before relaxing)
 .debug_str     0x0008046e      0x2c0 hal/src/hal_timer.o
                              0x79bb0 (size before relaxing)
 .debug_str     0x0008072e      0x49e hal/src/hal_usart_sync.o
                              0x79dbe (size before relaxing)
 .debug_str     0x00080bcc       0x2a hal/utils/src/utils_assert.o
                              0x79281 (size before relaxing)
 .debug_str     0x00080bf6       0x31 hal/utils/src/utils_list.o
                              0x7932b (size before relaxing)
 .debug_str     0x00080c27      0x773 hal/utils/src/utils_syscalls.o
                               0x7320 (size before relaxing)
 .debug_str     0x0008139a      0x2e2 hpl/core/hpl_core_m0plus_base.o
                              0x79e4c (size before relaxing)
 .debug_str     0x0008167c     0x17d7 hpl/core/hpl_init.o
                              0x7afaa (size before relaxing)
 .debug_str     0x00082e53      0xef0 hpl/eic/hpl_eic.o
                              0x7d5af (size before relaxing)
 .debug_str     0x00083d43      0x84a hpl/gclk/hpl_gclk.o
                              0x79b99 (size before relaxing)
 .debug_str     0x0008458d      0x194 hpl/pm/hpl_pm.o
                              0x79b09 (size before relaxing)
 .debug_str     0x00084721     0x47dd hpl/sercom/hpl_sercom.o
                              0x7f2aa (size before relaxing)
 .debug_str     0x00088efe     0x11cc hpl/sysctrl/hpl_sysctrl.o
                              0x7a550 (size before relaxing)
 .debug_str     0x0008a0ca       0xcd hpl/systick/hpl_systick.o
                              0x792c9 (size before relaxing)
 .debug_str     0x0008a197      0xe34 hpl/tc/hpl_tc.o
                              0x7b0b0 (size before relaxing)
 .debug_str     0x0008afcb       0x21 lib/beep.o
                              0x7d8f2 (size before relaxing)
 .debug_str     0x0008afec      0x155 lib/i2c_ext_lib.o
                              0x7c6cc (size before relaxing)
 .debug_str     0x0008b141       0x5a lib/i2c_lib.o
                              0x7d96d (size before relaxing)
 .debug_str     0x0008b19b      0x18a lib/lcd_lib.o
                              0x7dac7 (size before relaxing)
 .debug_str     0x0008b325      0x146 lib/sonner.o
                              0x7e515 (size before relaxing)
 .debug_str     0x0008b46b       0x61 main.o
                              0x7dbcc (size before relaxing)
 .debug_str     0x0008b4cc       0x2b stdio_redirect/gcc/read.o
                              0x7d02e (size before relaxing)
 .debug_str     0x0008b4f7       0x2d stdio_redirect/gcc/write.o
                              0x7d030 (size before relaxing)
 .debug_str     0x0008b524       0x4b stdio_redirect/stdio_io.o
                              0x7d0c9 (size before relaxing)
 .debug_str     0x0008b56f       0x2c stdio_start.o
                              0x7d8fc (size before relaxing)

.debug_frame    0x00000000     0x2a9c
 .debug_frame   0x00000000       0x28 atmel_start.o
 .debug_frame   0x00000028       0x40 Device_Startup/startup_samd21.o
 .debug_frame   0x00000068      0x164 driver_init.o
 .debug_frame   0x000001cc       0x40 hal/src/hal_atomic.o
 .debug_frame   0x0000020c       0x68 hal/src/hal_delay.o
 .debug_frame   0x00000274       0xc0 hal/src/hal_ext_irq.o
 .debug_frame   0x00000334      0x164 hal/src/hal_i2c_m_sync.o
 .debug_frame   0x00000498       0x58 hal/src/hal_io.o
 .debug_frame   0x000004f0       0xec hal/src/hal_pwm.o
 .debug_frame   0x000005dc      0x14c hal/src/hal_timer.o
 .debug_frame   0x00000728      0x200 hal/src/hal_usart_sync.o
 .debug_frame   0x00000928       0x20 hal/utils/src/utils_assert.o
 .debug_frame   0x00000948       0x88 hal/utils/src/utils_list.o
 .debug_frame   0x000009d0       0xa8 hal/utils/src/utils_syscalls.o
 .debug_frame   0x00000a78       0xd4 hpl/core/hpl_core_m0plus_base.o
 .debug_frame   0x00000b4c       0x28 hpl/core/hpl_init.o
 .debug_frame   0x00000b74       0x68 hpl/eic/hpl_eic.o
 .debug_frame   0x00000bdc       0x30 hpl/gclk/hpl_gclk.o
 .debug_frame   0x00000c0c       0x40 hpl/pm/hpl_pm.o
 .debug_frame   0x00000c4c      0xde4 hpl/sercom/hpl_sercom.o
 .debug_frame   0x00001a30       0x30 hpl/sysctrl/hpl_sysctrl.o
 .debug_frame   0x00001a60       0x7c hpl/systick/hpl_systick.o
 .debug_frame   0x00001adc      0x204 hpl/tc/hpl_tc.o
 .debug_frame   0x00001ce0       0x2c lib/beep.o